Component: ARM Compiler 6.14 Tool: armlink [5db06800]

==============================================================================

Section Cross References

    startup_stm32f100xe.o(RESET) refers to startup_stm32f100xe.o(STACK) for __initial_sp
    startup_stm32f100xe.o(RESET) refers to startup_stm32f100xe.o(.text) for Reset_Handler
    startup_stm32f100xe.o(RESET) refers to stm32f1xx_it.o(.text.NMI_Handler) for NMI_Handler
    startup_stm32f100xe.o(RESET) refers to stm32f1xx_it.o(.text.HardFault_Handler) for HardFault_Handler
    startup_stm32f100xe.o(RESET) refers to stm32f1xx_it.o(.text.MemManage_Handler) for MemManage_Handler
    startup_stm32f100xe.o(RESET) refers to stm32f1xx_it.o(.text.BusFault_Handler) for BusFault_Handler
    startup_stm32f100xe.o(RESET) refers to stm32f1xx_it.o(.text.UsageFault_Handler) for UsageFault_Handler
    startup_stm32f100xe.o(RESET) refers to port.o(.text.SVC_Handler) for SVC_Handler
    startup_stm32f100xe.o(RESET) refers to stm32f1xx_it.o(.text.DebugMon_Handler) for DebugMon_Handler
    startup_stm32f100xe.o(RESET) refers to port.o(.text.PendSV_Handler) for PendSV_Handler
    startup_stm32f100xe.o(RESET) refers to port.o(.text.SysTick_Handler) for SysTick_Handler
    startup_stm32f100xe.o(RESET) refers to stm32f1xx_it.o(.text.DMA1_Channel1_IRQHandler) for DMA1_Channel1_IRQHandler
    startup_stm32f100xe.o(RESET) refers to stm32f1xx_it.o(.text.DMA1_Channel4_IRQHandler) for DMA1_Channel4_IRQHandler
    startup_stm32f100xe.o(RESET) refers to stm32f1xx_it.o(.text.DMA1_Channel5_IRQHandler) for DMA1_Channel5_IRQHandler
    startup_stm32f100xe.o(RESET) refers to stm32f1xx_it.o(.text.TIM1_UP_TIM16_IRQHandler) for TIM1_UP_TIM16_IRQHandler
    startup_stm32f100xe.o(RESET) refers to stm32f1xx_it.o(.text.USART1_IRQHandler) for USART1_IRQHandler
    startup_stm32f100xe.o(RESET) refers to stm32f1xx_it.o(.text.UART4_IRQHandler) for UART4_IRQHandler
    startup_stm32f100xe.o(RESET) refers to stm32f1xx_it.o(.text.UART5_IRQHandler) for UART5_IRQHandler
    startup_stm32f100xe.o(RESET) refers to stm32f1xx_it.o(.text.DMA2_Channel1_IRQHandler) for DMA2_Channel1_IRQHandler
    startup_stm32f100xe.o(RESET) refers to stm32f1xx_it.o(.text.DMA2_Channel3_IRQHandler) for DMA2_Channel3_IRQHandler
    startup_stm32f100xe.o(RESET) refers to stm32f1xx_it.o(.text.DMA2_Channel4_5_IRQHandler) for DMA2_Channel4_5_IRQHandler
    startup_stm32f100xe.o(.text) refers to system_stm32f1xx.o(.text.SystemInit) for SystemInit
    startup_stm32f100xe.o(.text) refers to entry.o(.ARM.Collect$$$$00000000) for __main
    main.o(.text.GetDependenceValueF) refers to f2d.o(.text) for __aeabi_f2d
    main.o(.text.GetDependenceValueF) refers to dcmplt.o(.text) for __aeabi_dcmplt
    main.o(.text.GetDependenceValueF) refers to fadd.o(.text) for __aeabi_fsub
    main.o(.text.GetDependenceValueF) refers to dadd.o(.text) for __aeabi_dsub
    main.o(.text.GetDependenceValueF) refers to dmul.o(.text) for __aeabi_dmul
    main.o(.text.GetDependenceValueF) refers to ddiv.o(.text) for __aeabi_ddiv
    main.o(.ARM.exidx.text.GetDependenceValueF) refers to main.o(.text.GetDependenceValueF) for [Anonymous Symbol]
    main.o(.text.GetDependenceValue) refers to fadd.o(.text) for __aeabi_fsub
    main.o(.text.GetDependenceValue) refers to fflti.o(.text) for __aeabi_i2f
    main.o(.text.GetDependenceValue) refers to fmul.o(.text) for __aeabi_fmul
    main.o(.text.GetDependenceValue) refers to fdiv.o(.text) for __aeabi_fdiv
    main.o(.text.GetDependenceValue) refers to f2d.o(.text) for __aeabi_f2d
    main.o(.ARM.exidx.text.GetDependenceValue) refers to main.o(.text.GetDependenceValue) for [Anonymous Symbol]
    main.o(.ARM.exidx.text.SendAlarmMsg) refers to main.o(.text.SendAlarmMsg) for [Anonymous Symbol]
    main.o(.text.SetVoltageAmperageLowSpeed) refers to powersupplyinterface.o(.text.SetAmperageToPowerSupply) for SetAmperageToPowerSupply
    main.o(.text.SetVoltageAmperageLowSpeed) refers to powersupplyinterface.o(.text.GetAmperageFromPowerSupply) for GetAmperageFromPowerSupply
    main.o(.text.SetVoltageAmperageLowSpeed) refers to tasks.o(.text.vTaskDelay) for vTaskDelay
    main.o(.ARM.exidx.text.SetVoltageAmperageLowSpeed) refers to main.o(.text.SetVoltageAmperageLowSpeed) for [Anonymous Symbol]
    main.o(.text.CheckTemp) refers to dcmple.o(.text) for __aeabi_dcmple
    main.o(.text.CheckTemp) refers to dcmplt.o(.text) for __aeabi_dcmplt
    main.o(.ARM.exidx.text.CheckTemp) refers to main.o(.text.CheckTemp) for [Anonymous Symbol]
    main.o(.text.CheckPress) refers to dcmple.o(.text) for __aeabi_dcmple
    main.o(.ARM.exidx.text.CheckPress) refers to main.o(.text.CheckPress) for [Anonymous Symbol]
    main.o(.text.CheckWQ) refers to dcmple.o(.text) for __aeabi_dcmple
    main.o(.ARM.exidx.text.CheckWQ) refers to main.o(.text.CheckWQ) for [Anonymous Symbol]
    main.o(.ARM.exidx.text.CheckLevelSensors) refers to main.o(.text.CheckLevelSensors) for [Anonymous Symbol]
[...]
    [Anonymous Symbol]                       0x08005ef6   Section        0  uarts.o(.rodata.str1.1)
    .L.str.3                                 0x08005f04   Data          10  nextioninterface.o(.rodata.str1.4)
    [Anonymous Symbol]                       0x08005f04   Section        0  nextioninterface.o(.rodata.str1.4)
    .L.str.7                                 0x08005f10   Data          19  nextioninterface.o(.rodata.str1.4)
    .L.str.10                                0x08005f24   Data          15  nextioninterface.o(.rodata.str1.4)
    [Anonymous Symbol]                       0x20000000   Section        0  stm32f1xx_hal.o(.data..L_MergedGlobals)
    uxCriticalNesting                        0x20000144   Data           4  port.o(.data.uxCriticalNesting)
    [Anonymous Symbol]                       0x20000144   Section        0  port.o(.data.uxCriticalNesting)
    [Anonymous Symbol]                       0x20000148   Section        0  main.o(.bss..L_MergedGlobals)
    [Anonymous Symbol]                       0x200001b8   Section        0  pid_regulator.o(.bss..L_MergedGlobals)
    [Anonymous Symbol]                       0x200001c8   Section        0  tasks.o(.bss..L_MergedGlobals)
    uxTopReadyPriority                       0x200001cc   Data           4  tasks.o(.bss..L_MergedGlobals)
    uxTaskNumber                             0x200001d0   Data           4  tasks.o(.bss..L_MergedGlobals)
    uxDeletedTasksWaitingCleanUp             0x200001d4   Data           4  tasks.o(.bss..L_MergedGlobals)
    uxCurrentNumberOfTasks                   0x200001d8   Data           4  tasks.o(.bss..L_MergedGlobals)
    xSchedulerRunning                        0x200001dc   Data           4  tasks.o(.bss..L_MergedGlobals)
    uxSchedulerSuspended                     0x200001e0   Data           4  tasks.o(.bss..L_MergedGlobals)
    xIdleTaskHandle                          0x200001e4   Data           4  tasks.o(.bss..L_MergedGlobals)
    xNextTaskUnblockTime                     0x200001e8   Data           4  tasks.o(.bss..L_MergedGlobals)
    xTickCount                               0x200001ec   Data           4  tasks.o(.bss..L_MergedGlobals)
    xYieldPending                            0x200001f0   Data           4  tasks.o(.bss..L_MergedGlobals)
    uxPendedTicks                            0x200001f4   Data           4  tasks.o(.bss..L_MergedGlobals)
    pxDelayedTaskList                        0x200001f8   Data           4  tasks.o(.bss..L_MergedGlobals)
    pxOverflowDelayedTaskList                0x200001fc   Data           4  tasks.o(.bss..L_MergedGlobals)
    xNumOfOverflows                          0x20000200   Data           4  tasks.o(.bss..L_MergedGlobals)
    xTasksWaitingTermination                 0x20000204   Data          20  tasks.o(.bss..L_MergedGlobals)
    xSuspendedTaskList                       0x20000218   Data          20  tasks.o(.bss..L_MergedGlobals)
    xPendingReadyList                        0x2000022c   Data          20  tasks.o(.bss..L_MergedGlobals)
    xBlockAllocatedBit                       0x20000240   Data           1  heap_4.o(.bss..L_MergedGlobals)
    [Anonymous Symbol]                       0x20000240   Section        0  heap_4.o(.bss..L_MergedGlobals)
    pxEnd                                    0x20000244   Data           4  heap_4.o(.bss..L_MergedGlobals)
    xFreeBytesRemaining                      0x20000248   Data           4  heap_4.o(.bss..L_MergedGlobals)
    xMinimumEverFreeBytesRemaining           0x2000024c   Data           4  heap_4.o(.bss..L_MergedGlobals)
    xStart                                   0x20000250   Data           8  heap_4.o(.bss..L_MergedGlobals)
    ucMaxSysCallPriority                     0x20000258   Data           1  port.o(.bss..L_MergedGlobals)
    [Anonymous Symbol]                       0x20000258   Section        0  port.o(.bss..L_MergedGlobals)
    ulMaxPRIGROUPValue                       0x2000025c   Data           4  port.o(.bss..L_MergedGlobals)
    [Anonymous Symbol]                       0x20000260   Section        0  powersupplyinterface.o(.bss..L_MergedGlobals)
    [Anonymous Symbol]                       0x20000264   Section        0  uarts.o(.bss..L_MergedGlobals)
    xDelayedTaskList1                        0x200002d0   Data          20  tasks.o(.bss..L_MergedGlobals.1)
    [Anonymous Symbol]                       0x200002d0   Section        0  tasks.o(.bss..L_MergedGlobals.1)
    xDelayedTaskList2                        0x200002e4   Data          20  tasks.o(.bss..L_MergedGlobals.1)
    pxReadyTasksLists                        0x200006b8   Data         140  tasks.o(.bss.pxReadyTasksLists)
    [Anonymous Symbol]                       0x200006b8   Section        0  tasks.o(.bss.pxReadyTasksLists)
    ucHeap                                   0x20000744   Data       27729  heap_4.o(.bss.ucHeap)
    [Anonymous Symbol]                       0x20000744   Section        0  heap_4.o(.bss.ucHeap)
    xIdleStack                               0x2000739c   Data         512  freertos.o(.bss.xIdleStack)
    [Anonymous Symbol]                       0x2000739c   Section        0  freertos.o(.bss.xIdleStack)
    xIdleTaskTCBBuffer                       0x2000759c   Data          76  freertos.o(.bss.xIdleTaskTCBBuffer)
    [Anonymous Symbol]                       0x2000759c   Section        0  freertos.o(.bss.xIdleTaskTCBBuffer)
    STACK                                    0x200075e8   Section     1024  startup_stm32f100xe.o(STACK)

    Global Symbols

    Symbol Name                              Value     Ov Type        Size  Object(Section)

    BuildAttributes$$THM_ISAv4$P$D$K$B$S$PE$A:L22UL41UL21$X:L11$S22US41US21$IEEE1$IW$~IW$USESV6$~STKCKD$USESV7$~SHL$OTIME$ROPI$EBA8$MICROLIB$REQ8$PRES8$EABIv2 0x00000000   Number         0  anon$$obj.o ABSOLUTE
    _printf_a                                0x00000000   Number         0  printfstubs.o ABSOLUTE
    _printf_c                                0x00000000   Number         0  printfstubs.o ABSOLUTE
    _printf_charcount                        0x00000000   Number         0  printfstubs.o ABSOLUTE
    _printf_d                                0x00000000   Number         0  printfstubs.o ABSOLUTE
    _printf_e                                0x00000000   Number         0  printfstubs.o ABSOLUTE
    _printf_f                                0x00000000   Number         0  printfstubs.o ABSOLUTE
    _printf_flags                            0x00000000   Number         0  printfstubs.o ABSOLUTE
    _printf_fp_dec                           0x00000000   Number         0  printfstubs.o ABSOLUTE
    _printf_fp_hex                           0x00000000   Number         0  printfstubs.o ABSOLUTE
    _printf_g                                0x00000000   Number         0  printfstubs.o ABSOLUTE
    _printf_i                                0x00000000   Number         0  printfstubs.o ABSOLUTE
    _printf_int_dec                          0x00000000   Number         0  printfstubs.o ABSOLUTE
    _printf_l                                0x00000000   Number         0  printfstubs.o ABSOLUTE
    _printf_lc                               0x00000000   Number         0  printfstubs.o ABSOLUTE
    _printf_ll                               0x00000000   Number         0  printfstubs.o ABSOLUTE
    _printf_lld                              0x00000000   Number         0  printfstubs.o ABSOLUTE
    _printf_lli                              0x00000000   Number         0  printfstubs.o ABSOLUTE
    _printf_llo                              0x00000000   Number         0  printfstubs.o ABSOLUTE
    _printf_llu                              0x00000000   Number         0  printfstubs.o ABSOLUTE
    _printf_llx                              0x00000000   Number         0  printfstubs.o ABSOLUTE
    _printf_longlong_dec                     0x00000000   Number         0  printfstubs.o ABSOLUTE
    _printf_longlong_hex                     0x00000000   Number         0  printfstubs.o ABSOLUTE
    _printf_longlong_oct                     0x00000000   Number         0  printfstubs.o ABSOLUTE
    _printf_ls                               0x00000000   Number         0  printfstubs.o ABSOLUTE
    _printf_mbtowc                           0x00000000   Number         0  printfstubs.o ABSOLUTE
    _printf_n                                0x00000000   Number         0  printfstubs.o ABSOLUTE
    _printf_o                                0x00000000   Number         0  printfstubs.o ABSOLUTE
    _printf_p                                0x00000000   Number         0  printfstubs.o ABSOLUTE
    _printf_percent                          0x00000000   Number         0  printfstubs.o ABSOLUTE
    _printf_pre_padding                      0x00000000   Number         0  printfstubs.o ABSOLUTE
    _printf_return_value                     0x00000000   Number         0  printfstubs.o ABSOLUTE
    _printf_s                                0x00000000   Number         0  printfstubs.o ABSOLUTE
    _printf_sizespec                         0x00000000   Number         0  printfstubs.o ABSOLUTE
    _printf_str                              0x00000000   Number         0  printfstubs.o ABSOLUTE
    _printf_truncate_signed                  0x00000000   Number         0  printfstubs.o ABSOLUTE
    _printf_truncate_unsigned                0x00000000   Number         0  printfstubs.o ABSOLUTE
    _printf_u                                0x00000000   Number         0  printfstubs.o ABSOLUTE
    _printf_wc                               0x00000000   Number         0  printfstubs.o ABSOLUTE
    _printf_wctomb                           0x00000000   Number         0  printfstubs.o ABSOLUTE
    _printf_widthprec                        0x00000000   Number         0  printfstubs.o ABSOLUTE
    _printf_x                                0x00000000   Number         0  printfstubs.o ABSOLUTE
    __cpp_initialize__aeabi_                  - Undefined Weak Reference
    __cxa_finalize                            - Undefined Weak Reference
    _clock_init                               - Undefined Weak Reference
    _microlib_exit                            - Undefined Weak Reference
    __Vectors_Size                           0x00000134   Number         0  startup_stm32f100xe.o ABSOLUTE
    __Vectors                                0x08000000   Data           4  startup_stm32f100xe.o(RESET)
    __Vectors_End                            0x08000134   Data           0  startup_stm32f100xe.o(RESET)
    __main                                   0x08000135   Thumb Code     0  entry.o(.ARM.Collect$$$$00000000)
    _main_stk                                0x08000135   Thumb Code     0  entry2.o(.ARM.Collect$$$$00000001)
    _main_scatterload                        0x08000139   Thumb Code     0  entry5.o(.ARM.Collect$$$$00000004)
    __main_after_scatterload                 0x0800013d   Thumb Code     0  entry5.o(.ARM.Collect$$$$00000004)
    _main_clock                              0x0800013d   Thumb Code     0  entry7b.o(.ARM.Collect$$$$00000008)
    _main_cpp_init                           0x0800013d   Thumb Code     0  entry8b.o(.ARM.Collect$$$$0000000A)
    _main_init                               0x0800013d   Thumb Code     0  entry9a.o(.ARM.Collect$$$$0000000B)
    __rt_final_cpp                           0x08000145   Thumb Code     0  entry10a.o(.ARM.Collect$$$$0000000D)
    __rt_final_exit                          0x08000145   Thumb Code     0  entry11a.o(.ARM.Collect$$$$0000000F)
    Reset_Handler                            0x08000149   Thumb Code     8  startup_stm32f100xe.o(.text)
    ADC1_IRQHandler                          0x08000163   Thumb Code     0  startup_stm32f100xe.o(.text)
    CEC_IRQHandler                           0x08000163   Thumb Code     0  startup_stm32f100xe.o(.text)
    DMA1_Channel2_IRQHandler                 0x08000163   Thumb Code     0  startup_stm32f100xe.o(.text)
    DMA1_Channel3_IRQHandler                 0x08000163   Thumb Code     0  startup_stm32f100xe.o(.text)
    DMA1_Channel6_IRQHandler                 0x08000163   Thumb Code     0  startup_stm32f100xe.o(.text)
    DMA1_Channel7_IRQHandler                 0x08000163   Thumb Code     0  startup_stm32f100xe.o(.text)
    DMA2_Channel2_IRQHandler                 0x08000163   Thumb Code     0  startup_stm32f100xe.o(.text)
    DMA2_Channel5_IRQHandler                 0x08000163   Thumb Code     0  startup_stm32f100xe.o(.text)
    EXTI0_IRQHandler                         0x08000163   Thumb Code     0  startup_stm32f100xe.o(.text)
    EXTI15_10_IRQHandler                     0x08000163   Thumb Code     0  startup_stm32f100xe.o(.text)
    EXTI1_IRQHandler                         0x08000163   Thumb Code     0  startup_stm32f100xe.o(.text)
    EXTI2_IRQHandler                         0x08000163   Thumb Code     0  startup_stm32f100xe.o(.text)
    EXTI3_IRQHandler                         0x08000163   Thumb Code     0  startup_stm32f100xe.o(.text)
    EXTI4_IRQHandler                         0x08000163   Thumb Code     0  startup_stm32f100xe.o(.text)
    EXTI9_5_IRQHandler                       0x08000163   Thumb Code     0  startup_stm32f100xe.o(.text)
    FLASH_IRQHandler                         0x08000163   Thumb Code     0  startup_stm32f100xe.o(.text)
    I2C1_ER_IRQHandler                       0x08000163   Thumb Code     0  startup_stm32f100xe.o(.text)
    I2C1_EV_IRQHandler                       0x08000163   Thumb Code     0  startup_stm32f100xe.o(.text)
    I2C2_ER_IRQHandler                       0x08000163   Thumb Code     0  startup_stm32f100xe.o(.text)
    I2C2_EV_IRQHandler                       0x08000163   Thumb Code     0  startup_stm32f100xe.o(.text)
    PVD_IRQHandler                           0x08000163   Thumb Code     0  startup_stm32f100xe.o(.text)
    RCC_IRQHandler                           0x08000163   Thumb Code     0  startup_stm32f100xe.o(.text)
    RTC_Alarm_IRQHandler                     0x08000163   Thumb Code     0  startup_stm32f100xe.o(.text)
    RTC_IRQHandler                           0x08000163   Thumb Code     0  startup_stm32f100xe.o(.text)
    SPI1_IRQHandler                          0x08000163   Thumb Code     0  startup_stm32f100xe.o(.text)
    SPI2_IRQHandler                          0x08000163   Thumb Code     0  startup_stm32f100xe.o(.text)
    SPI3_IRQHandler                          0x08000163   Thumb Code     0  startup_stm32f100xe.o(.text)
    TAMPER_IRQHandler                        0x08000163   Thumb Code     0  startup_stm32f100xe.o(.text)
    TIM12_IRQHandler                         0x08000163   Thumb Code     0  startup_stm32f100xe.o(.text)
    TIM13_IRQHandler                         0x08000163   Thumb Code     0  startup_stm32f100xe.o(.text)
    TIM14_IRQHandler                         0x08000163   Thumb Code     0  startup_stm32f100xe.o(.text)
    TIM1_BRK_TIM15_IRQHandler                0x08000163   Thumb Code     0  startup_stm32f100xe.o(.text)
    TIM1_CC_IRQHandler                       0x08000163   Thumb Code     0  startup_stm32f100xe.o(.text)
    TIM1_TRG_COM_TIM17_IRQHandler            0x08000163   Thumb Code     0  startup_stm32f100xe.o(.text)
    TIM2_IRQHandler                          0x08000163   Thumb Code     0  startup_stm32f100xe.o(.text)
    TIM3_IRQHandler                          0x08000163   Thumb Code     0  startup_stm32f100xe.o(.text)
    TIM4_IRQHandler                          0x08000163   Thumb Code     0  startup_stm32f100xe.o(.text)
    TIM5_IRQHandler                          0x08000163   Thumb Code     0  startup_stm32f100xe.o(.text)
    TIM6_DAC_IRQHandler                      0x08000163   Thumb Code     0  startup_stm32f100xe.o(.text)
    TIM7_IRQHandler                          0x08000163   Thumb Code     0  startup_stm32f100xe.o(.text)
    USART2_IRQHandler                        0x08000163   Thumb Code     0  startup_stm32f100xe.o(.text)
    USART3_IRQHandler                        0x08000163   Thumb Code     0  startup_stm32f100xe.o(.text)
    WWDG_IRQHandler                          0x08000163   Thumb Code     0  startup_stm32f100xe.o(.text)
    __aeabi_llsr                             0x0800016d   Thumb Code    32  llushr.o(.text)
    _ll_ushift_r                             0x0800016d   Thumb Code     0  llushr.o(.text)
    __aeabi_memcpy                           0x0800018d   Thumb Code    36  memcpya.o(.text)
    __aeabi_memcpy4                          0x0800018d   Thumb Code     0  memcpya.o(.text)
    __aeabi_memcpy8                          0x0800018d   Thumb Code     0  memcpya.o(.text)
    __aeabi_memset                           0x080001b1   Thumb Code    14  memseta.o(.text)
    __aeabi_memset4                          0x080001b1   Thumb Code     0  memseta.o(.text)
    __aeabi_memset8                          0x080001b1   Thumb Code     0  memseta.o(.text)
    __aeabi_memclr                           0x080001bf   Thumb Code     4  memseta.o(.text)
    __aeabi_memclr4                          0x080001bf   Thumb Code     0  memseta.o(.text)
    __aeabi_memclr8                          0x080001bf   Thumb Code     0  memseta.o(.text)
    _memset$wrapper                          0x080001c3   Thumb Code    18  memseta.o(.text)
    __aeabi_fadd                             0x080001d5   Thumb Code   164  fadd.o(.text)
    __aeabi_fsub                             0x08000279   Thumb Code     6  fadd.o(.text)
    __aeabi_frsub                            0x0800027f   Thumb Code     6  fadd.o(.text)
    __aeabi_fmul                             0x08000285   Thumb Code   100  fmul.o(.text)
    __aeabi_fdiv                             0x080002e9   Thumb Code   124  fdiv.o(.text)
    __aeabi_dadd                             0x08000365   Thumb Code   322  dadd.o(.text)
    __aeabi_dsub                             0x080004a7   Thumb Code     6  dadd.o(.text)
    __aeabi_drsub                            0x080004ad   Thumb Code     6  dadd.o(.text)
    __aeabi_dmul                             0x080004b3   Thumb Code   228  dmul.o(.text)
    __aeabi_ddiv                             0x08000597   Thumb Code   222  ddiv.o(.text)
    __aeabi_dcmple                           0x08000675   Thumb Code    54  dcmple.o(.text)
    __aeabi_dcmplt                           0x080006ab   Thumb Code    54  dcmplt.o(.text)
    __aeabi_dcmpge                           0x080006e1   Thumb Code    54  dcmpge.o(.text)
    __aeabi_dcmpgt                           0x08000717   Thumb Code    54  dcmpgt.o(.text)
    __aeabi_i2f                              0x0800074d   Thumb Code    18  fflti.o(.text)
    __aeabi_ui2f                             0x0800075f   Thumb Code    10  ffltui.o(.text)
    __aeabi_i2d                              0x08000769   Thumb Code    34  dflti.o(.text)
    __aeabi_ui2d                             0x0800078b   Thumb Code    26  dfltui.o(.text)
    __aeabi_d2iz                             0x080007a5   Thumb Code    62  dfixi.o(.text)
    __aeabi_d2uiz                            0x080007e3   Thumb Code    50  dfixui.o(.text)
    __aeabi_f2d                              0x08000815   Thumb Code    38  f2d.o(.text)
    __aeabi_d2f                              0x0800083b   Thumb Code    56  d2f.o(.text)
    __aeabi_uidiv                            0x08000873   Thumb Code     0  uidiv.o(.text)
    __aeabi_uidivmod                         0x08000873   Thumb Code    44  uidiv.o(.text)
    __aeabi_llsl                             0x0800089f   Thumb Code    30  llshl.o(.text)
    _ll_shift_l                              0x0800089f   Thumb Code     0  llshl.o(.text)
    __aeabi_lasr                             0x080008bd   Thumb Code    36  llsshr.o(.text)
    _ll_sshift_r                             0x080008bd   Thumb Code     0  llsshr.o(.text)
    __I$use$fp                               0x080008e1   Thumb Code     0  iusefp.o(.text)
    _float_round                             0x080008e1   Thumb Code    18  fepilogue.o(.text)
    _float_epilogue                          0x080008f3   Thumb Code    92  fepilogue.o(.text)
    _double_round                            0x0800094f   Thumb Code    30  depilogue.o(.text)
    _double_epilogue                         0x0800096d   Thumb Code   156  depilogue.o(.text)
    __scatterload                            0x08000a09   Thumb Code    28  init.o(.text)
    __scatterload_rt2                        0x08000a09   Thumb Code     0  init.o(.text)
    __decompress                             0x08000a2d   Thumb Code     0  __dczerorl.o(.text)
    __decompress0                            0x08000a2d   Thumb Code    58  __dczerorl.o(.text)
    ADC_ConversionStop_Disable               0x08000a67   Thumb Code    68  stm32f1xx_hal_adc.o(.text.ADC_ConversionStop_Disable)
    ADC_DMAConvCplt                          0x08000aab   Thumb Code    76  stm32f1xx_hal_adc.o(.text.ADC_DMAConvCplt)
    ADC_DMAError                             0x08000af7   Thumb Code    22  stm32f1xx_hal_adc.o(.text.ADC_DMAError)
    ADC_DMAHalfConvCplt                      0x08000b0d   Thumb Code     6  stm32f1xx_hal_adc.o(.text.ADC_DMAHalfConvCplt)
    ADC_Enable                               0x08000b15   Thumb Code   108  stm32f1xx_hal_adc.o(.text.ADC_Enable)
    BusFault_Handler                         0x08000b81   Thumb Code     2  stm32f1xx_it.o(.text.BusFault_Handler)
    CRC16                                    0x08000b85   Thumb Code    44  powersupplyinterface.o(.text.CRC16)
    CalcAhFu                                 0x08000bb1   Thumb Code   112  main.o(.text.CalcAhFu)
    CheckLevelSensors                        0x08000c21   Thumb Code    56  main.o(.text.CheckLevelSensors)
    CheckUserCommands                        0x08000c59   Thumb Code    20  main.o(.text.CheckUserCommands)
    CompRS485Fu                              0x08000c6d   Thumb Code    40  main.o(.text.CompRS485Fu)
    DMA1_Channel1_IRQHandler                 0x08000c95   Thumb Code    12  stm32f1xx_it.o(.text.DMA1_Channel1_IRQHandler)
    DMA1_Channel4_IRQHandler                 0x08000ca1   Thumb Code    12  stm32f1xx_it.o(.text.DMA1_Channel4_IRQHandler)
    DMA1_Channel5_IRQHandler                 0x08000cad   Thumb Code    12  stm32f1xx_it.o(.text.DMA1_Channel5_IRQHandler)
    DMA2_Channel1_IRQHandler                 0x08000cb9   Thumb Code    12  stm32f1xx_it.o(.text.DMA2_Channel1_IRQHandler)
    DMA2_Channel3_IRQHandler                 0x08000cc5   Thumb Code    12  stm32f1xx_it.o(.text.DMA2_Channel3_IRQHandler)
    DMA2_Channel4_5_IRQHandler               0x08000cd1   Thumb Code    28  stm32f1xx_it.o(.text.DMA2_Channel4_5_IRQHandler)
    DebugMon_Handler                         0x08000d13   Thumb Code     2  stm32f1xx_it.o(.text.DebugMon_Handler)
    EEPROM_ClearPage                         0x08000d15   Thumb Code    64  eeprom.o(.text.EEPROM_ClearPage)
    EEPROM_CopyPageData                      0x08000d55   Thumb Code    96  eeprom.o(.text.EEPROM_CopyPageData)
    EEPROM_Format                            0x08000db5   Thumb Code    26  eeprom.o(.text.EEPROM_Format)
    EEPROM_GetActivePageIdx                  0x08000dd1   Thumb Code    56  eeprom.o(.text.EEPROM_GetActivePageIdx)
    EEPROM_Init                              0x08000e09   Thumb Code   180  eeprom.o(.text.EEPROM_Init)
    EEPROM_PageTransfer                      0x08000ebd   Thumb Code   160  eeprom.o(.text.EEPROM_PageTransfer)
    EEPROM_Read                              0x08000f5d   Thumb Code    68  eeprom.o(.text.EEPROM_Read)
    EEPROM_SetPageState                      0x08000fa1   Thumb Code    44  eeprom.o(.text.EEPROM_SetPageState)
    EEPROM_Write                             0x08000fcd   Thumb Code   104  eeprom.o(.text.EEPROM_Write)
    EEPROM_WriteData                         0x08001035   Thumb Code    40  eeprom.o(.text.EEPROM_WriteData)
    Error_Handler                            0x0800105d   Thumb Code     2  main.o(.text.Error_Handler)
    FLASH_PageErase                          0x0800107d   Thumb Code    32  stm32f1xx_hal_flash_ex.o(.text.FLASH_PageErase)
    FLASH_WaitForLastOperation               0x080010e9   Thumb Code    84  stm32f1xx_hal_flash.o(.text.FLASH_WaitForLastOperation)
    GeneratorSetActive                       0x0800113d   Thumb Code    64  main.o(.text.GeneratorSetActive)
    GetAmperageFromPowerSupply               0x0800117d   Thumb Code     8  powersupplyinterface.o(.text.GetAmperageFromPowerSupply)
    GetDependenceValue                       0x08001185   Thumb Code   106  main.o(.text.GetDependenceValue)
    GetDependenceValueF                      0x080011ef   Thumb Code   166  main.o(.text.GetDependenceValueF)
    GrabMSG                                  0x08001295   Thumb Code    46  pcinterface.o(.text.GrabMSG)
    HAL_ADCEx_Calibration_Start              0x080012c5   Thumb Code   188  stm32f1xx_hal_adc_ex.o(.text.HAL_ADCEx_Calibration_Start)
    HAL_ADC_ConfigChannel                    0x08001381   Thumb Code   276  stm32f1xx_hal_adc.o(.text.HAL_ADC_ConfigChannel)
    HAL_ADC_ConvCpltCallback                 0x08001495   Thumb Code    44  main.o(.text.HAL_ADC_ConvCpltCallback)
    HAL_ADC_ConvHalfCpltCallback             0x080014c1   Thumb Code     2  stm32f1xx_hal_adc.o(.text.HAL_ADC_ConvHalfCpltCallback)
    HAL_ADC_ErrorCallback                    0x080014c3   Thumb Code     2  stm32f1xx_hal_adc.o(.text.HAL_ADC_ErrorCallback)
    HAL_ADC_Init                             0x080014c5   Thumb Code   272  stm32f1xx_hal_adc.o(.text.HAL_ADC_Init)
    HAL_ADC_MspInit                          0x080015d5   Thumb Code   144  stm32f1xx_hal_msp.o(.text.HAL_ADC_MspInit)
    HAL_ADC_Start_DMA                        0x08001665   Thumb Code   184  stm32f1xx_hal_adc.o(.text.HAL_ADC_Start_DMA)
    HAL_ADC_Stop_DMA                         0x0800171d   Thumb Code    88  stm32f1xx_hal_adc.o(.text.HAL_ADC_Stop_DMA)
    HAL_DMA_Abort                            0x08001775   Thumb Code    62  stm32f1xx_hal_dma.o(.text.HAL_DMA_Abort)
    HAL_DMA_Abort_IT                         0x080017b5   Thumb Code   200  stm32f1xx_hal_dma.o(.text.HAL_DMA_Abort_IT)
    HAL_DMA_GetError                         0x0800187d   Thumb Code     4  stm32f1xx_hal_dma.o(.text.HAL_DMA_GetError)
    HAL_DMA_GetState                         0x08001881   Thumb Code     6  stm32f1xx_hal_dma.o(.text.HAL_DMA_GetState)
    HAL_DMA_IRQHandler                       0x08001889   Thumb Code   464  stm32f1xx_hal_dma.o(.text.HAL_DMA_IRQHandler)
    HAL_DMA_Init                             0x08001a59   Thumb Code   108  stm32f1xx_hal_dma.o(.text.HAL_DMA_Init)
    HAL_DMA_Start_IT                         0x08001ac5   Thumb Code   102  stm32f1xx_hal_dma.o(.text.HAL_DMA_Start_IT)
    HAL_FLASHEx_Erase                        0x08001b2d   Thumb Code   148  stm32f1xx_hal_flash_ex.o(.text.HAL_FLASHEx_Erase)
    HAL_FLASH_Lock                           0x08001bc1   Thumb Code    16  stm32f1xx_hal_flash.o(.text.HAL_FLASH_Lock)
    HAL_FLASH_Program                        0x08001bd1   Thumb Code   148  stm32f1xx_hal_flash.o(.text.HAL_FLASH_Program)
    HAL_FLASH_Unlock                         0x08001c65   Thumb Code    40  stm32f1xx_hal_flash.o(.text.HAL_FLASH_Unlock)
    HAL_GPIO_Init                            0x08001c8d   Thumb Code   416  stm32f1xx_hal_gpio.o(.text.HAL_GPIO_Init)
    HAL_GPIO_ReadPin                         0x08001e2d   Thumb Code    10  stm32f1xx_hal_gpio.o(.text.HAL_GPIO_ReadPin)
    HAL_GPIO_TogglePin                       0x08001e37   Thumb Code    16  stm32f1xx_hal_gpio.o(.text.HAL_GPIO_TogglePin)
    HAL_GPIO_WritePin                        0x08001e47   Thumb Code    10  stm32f1xx_hal_gpio.o(.text.HAL_GPIO_WritePin)
    HAL_GetTick                              0x08001e51   Thumb Code     8  stm32f1xx_hal.o(.text.HAL_GetTick)
    HAL_IncTick                              0x08001e59   Thumb Code    24  stm32f1xx_hal.o(.text.HAL_IncTick)
    HAL_Init                                 0x08001e71   Thumb Code    22  stm32f1xx_hal.o(.text.HAL_Init)
    HAL_InitTick                             0x08001e89   Thumb Code   116  stm32f1xx_hal_timebase_tim.o(.text.HAL_InitTick)
    HAL_MspInit                              0x08001efd   Thumb Code    64  stm32f1xx_hal_msp.o(.text.HAL_MspInit)
    HAL_NVIC_EnableIRQ                       0x08001f3d   Thumb Code    28  stm32f1xx_hal_cortex.o(.text.HAL_NVIC_EnableIRQ)
    HAL_NVIC_SetPriority                     0x08001f59   Thumb Code    56  stm32f1xx_hal_cortex.o(.text.HAL_NVIC_SetPriority)
    HAL_NVIC_SetPriorityGrouping             0x08001f91   Thumb Code    32  stm32f1xx_hal_cortex.o(.text.HAL_NVIC_SetPriorityGrouping)
    HAL_PWR_EnableBkUpAccess                 0x08001fb1   Thumb Code    12  stm32f1xx_hal_pwr.o(.text.HAL_PWR_EnableBkUpAccess)
    HAL_RCCEx_GetPeriphCLKFreq               0x08001fbd   Thumb Code   108  stm32f1xx_hal_rcc_ex.o(.text.HAL_RCCEx_GetPeriphCLKFreq)
    HAL_RCCEx_PeriphCLKConfig                0x08002029   Thumb Code   232  stm32f1xx_hal_rcc_ex.o(.text.HAL_RCCEx_PeriphCLKConfig)
    HAL_RCC_ClockConfig                      0x08002111   Thumb Code   216  stm32f1xx_hal_rcc.o(.text.HAL_RCC_ClockConfig)
    HAL_RCC_GetClockConfig                   0x080021e9   Thumb Code    48  stm32f1xx_hal_rcc.o(.text.HAL_RCC_GetClockConfig)
    HAL_RCC_GetPCLK1Freq                     0x08002219   Thumb Code    20  stm32f1xx_hal_rcc.o(.text.HAL_RCC_GetPCLK1Freq)
    HAL_RCC_GetPCLK2Freq                     0x0800222d   Thumb Code    28  stm32f1xx_hal_rcc.o(.text.HAL_RCC_GetPCLK2Freq)
    HAL_RCC_GetSysClockFreq                  0x08002249   Thumb Code   108  stm32f1xx_hal_rcc.o(.text.HAL_RCC_GetSysClockFreq)
    HAL_RCC_OscConfig                        0x080022b5   Thumb Code   820  stm32f1xx_hal_rcc.o(.text.HAL_RCC_OscConfig)
    HAL_RTC_Init                             0x080025e9   Thumb Code   160  stm32f1xx_hal_rtc.o(.text.HAL_RTC_Init)
    HAL_RTC_MspInit                          0x08002689   Thumb Code    56  stm32f1xx_hal_msp.o(.text.HAL_RTC_MspInit)
    HAL_RTC_WaitForSynchro                   0x080026c1   Thumb Code    54  stm32f1xx_hal_rtc.o(.text.HAL_RTC_WaitForSynchro)
    HAL_TIMEx_BreakCallback                  0x080026f7   Thumb Code     2  stm32f1xx_hal_tim_ex.o(.text.HAL_TIMEx_BreakCallback)
    HAL_TIMEx_CommutCallback                 0x080026f9   Thumb Code     2  stm32f1xx_hal_tim_ex.o(.text.HAL_TIMEx_CommutCallback)
    HAL_TIMEx_MasterConfigSynchronization    0x080026fd   Thumb Code   108  stm32f1xx_hal_tim_ex.o(.text.HAL_TIMEx_MasterConfigSynchronization)
    HAL_TIM_Base_Init                        0x08002769   Thumb Code    88  stm32f1xx_hal_tim.o(.text.HAL_TIM_Base_Init)
    HAL_TIM_Base_MspInit                     0x080027c1   Thumb Code     2  stm32f1xx_hal_tim.o(.text.HAL_TIM_Base_MspInit)
    HAL_TIM_Base_Start_IT                    0x080027c5   Thumb Code   112  stm32f1xx_hal_tim.o(.text.HAL_TIM_Base_Start_IT)
    HAL_TIM_IC_CaptureCallback               0x08002835   Thumb Code     2  stm32f1xx_hal_tim.o(.text.HAL_TIM_IC_CaptureCallback)
    HAL_TIM_IRQHandler                       0x08002837   Thumb Code   364  stm32f1xx_hal_tim.o(.text.HAL_TIM_IRQHandler)
    HAL_TIM_MspPostInit                      0x080029a5   Thumb Code    96  stm32f1xx_hal_msp.o(.text.HAL_TIM_MspPostInit)
    HAL_TIM_OC_DelayElapsedCallback          0x08002a05   Thumb Code     2  stm32f1xx_hal_tim.o(.text.HAL_TIM_OC_DelayElapsedCallback)
    HAL_TIM_PWM_ConfigChannel                0x08002a09   Thumb Code   150  stm32f1xx_hal_tim.o(.text.HAL_TIM_PWM_ConfigChannel)
    HAL_TIM_PWM_Init                         0x08002a9f   Thumb Code    88  stm32f1xx_hal_tim.o(.text.HAL_TIM_PWM_Init)
    HAL_TIM_PWM_MspInit                      0x08002af9   Thumb Code    44  stm32f1xx_hal_msp.o(.text.HAL_TIM_PWM_MspInit)
    HAL_TIM_PWM_PulseFinishedCallback        0x08002b25   Thumb Code     2  stm32f1xx_hal_tim.o(.text.HAL_TIM_PWM_PulseFinishedCallback)
    HAL_TIM_PWM_Start                        0x08002b29   Thumb Code   208  stm32f1xx_hal_tim.o(.text.HAL_TIM_PWM_Start)
    HAL_TIM_PWM_Stop                         0x08002bf9   Thumb Code   140  stm32f1xx_hal_tim.o(.text.HAL_TIM_PWM_Stop)
    HAL_TIM_PeriodElapsedCallback            0x08002c85   Thumb Code    20  main.o(.text.HAL_TIM_PeriodElapsedCallback)
    HAL_TIM_TriggerCallback                  0x08002c99   Thumb Code     2  stm32f1xx_hal_tim.o(.text.HAL_TIM_TriggerCallback)
    HAL_UART_AbortReceive                    0x08002c9b   Thumb Code    80  stm32f1xx_hal_uart.o(.text.HAL_UART_AbortReceive)
    HAL_UART_ErrorCallback                   0x08002ceb   Thumb Code     2  stm32f1xx_hal_uart.o(.text.HAL_UART_ErrorCallback)
    HAL_UART_GetState                        0x08002ced   Thumb Code    14  stm32f1xx_hal_uart.o(.text.HAL_UART_GetState)
    HAL_UART_IDLE_Callback                   0x08002cfd   Thumb Code   252  uarts.o(.text.HAL_UART_IDLE_Callback)
    HAL_UART_IRQHandler                      0x08002df9   Thumb Code   352  stm32f1xx_hal_uart.o(.text.HAL_UART_IRQHandler)
    HAL_UART_Init                            0x08002f59   Thumb Code    92  stm32f1xx_hal_uart.o(.text.HAL_UART_Init)
    HAL_UART_MspInit                         0x08002fb5   Thumb Code   644  stm32f1xx_hal_msp.o(.text.HAL_UART_MspInit)
    HAL_UART_Receive_DMA                     0x08003239   Thumb Code   140  stm32f1xx_hal_uart.o(.text.HAL_UART_Receive_DMA)
    HAL_UART_RxCpltCallback                  0x080032c5   Thumb Code   208  uarts.o(.text.HAL_UART_RxCpltCallback)
    HAL_UART_RxHalfCpltCallback              0x08003395   Thumb Code     2  stm32f1xx_hal_uart.o(.text.HAL_UART_RxHalfCpltCallback)
    HAL_UART_Transmit_DMA                    0x08003399   Thumb Code   108  stm32f1xx_hal_uart.o(.text.HAL_UART_Transmit_DMA)
    HAL_UART_TxCpltCallback                  0x08003405   Thumb Code    76  uarts.o(.text.HAL_UART_TxCpltCallback)
    HardFault_Handler                        0x08003451   Thumb Code     2  stm32f1xx_it.o(.text.HardFault_Handler)
    InitPowerSupplyInterface                 0x08003455   Thumb Code    20  powersupplyinterface.o(.text.InitPowerSupplyInterface)
    InitUartCallback                         0x08003469   Thumb Code    52  uarts.o(.text.InitUartCallback)
    InitUarts                                0x0800349d   Thumb Code    96  uarts.o(.text.InitUarts)
    LedFU                                    0x080034fd   Thumb Code   140  main.o(.text.LedFU)
    ManagerFu                                0x08003589   Thumb Code    24  main.o(.text.ManagerFu)
    ManagerPoll                              0x080035a1   Thumb Code   736  main.o(.text.ManagerPoll)
    MemManage_Handler                        0x08003881   Thumb Code     2  stm32f1xx_it.o(.text.MemManage_Handler)
    NMI_Handler                              0x08003883   Thumb Code     2  stm32f1xx_it.o(.text.NMI_Handler)
    NextionFu                                0x08003885   Thumb Code   140  main.o(.text.NextionFu)
    NextionPoll                              0x08003911   Thumb Code  1008  nextioninterface.o(.text.NextionPoll)
    PID_Calculated                           0x08003d01   Thumb Code   188  pid_regulator.o(.text.PID_Calculated)
    PendSV_Handler                           0x08003dc1   Thumb Code    68  port.o(.text.PendSV_Handler)
    PollPowerSupply                          0x08003e05   Thumb Code    20  powersupplyinterface.o(.text.PollPowerSupply)
    PowerSupplyFu                            0x08003e19   Thumb Code    16  main.o(.text.PowerSupplyFu)
    ProcessingMsgPowerSupply                 0x08003e29   Thumb Code    84  powersupplyinterface.o(.text.ProcessingMsgPowerSupply)
    PumpFu                                   0x08003e7d   Thumb Code   128  main.o(.text.PumpFu)
    SVC_Handler                              0x08003f61   Thumb Code    36  port.o(.text.SVC_Handler)
    SendBytes                                0x08003f85   Thumb Code     8  powersupplyinterface.o(.text.SendBytes)
    SendBytesUART                            0x08003f8d   Thumb Code   176  uarts.o(.text.SendBytesUART)
    SendCmdToPowerSupply                     0x0800403d   Thumb Code   196  powersupplyinterface.o(.text.SendCmdToPowerSupply)
    SendToNextion                            0x08004101   Thumb Code   112  nextioninterface.o(.text.SendToNextion)
    SendToPC_RAW                             0x08004171   Thumb Code    12  pcinterface.o(.text.SendToPC_RAW)
    SendValuesToPC                           0x0800417d   Thumb Code   106  pcinterface.o(.text.SendValuesToPC)
    SensorsPollFu                            0x080041e9   Thumb Code   240  main.o(.text.SensorsPollFu)
    SetActive                                0x080042d9   Thumb Code    36  pcinterface.o(.text.SetActive)
    SetAmperageToPowerSupply                 0x080042fd   Thumb Code     8  powersupplyinterface.o(.text.SetAmperageToPowerSupply)
    SetNewAmperage                           0x08004305   Thumb Code    56  pcinterface.o(.text.SetNewAmperage)
    SetVoltageAmperageLowSpeed               0x0800433d   Thumb Code    72  main.o(.text.SetVoltageAmperageLowSpeed)
    StartDefaultTask                         0x08004385   Thumb Code   124  main.o(.text.StartDefaultTask)
    StartPowerSupply                         0x08004401   Thumb Code    72  powersupplyinterface.o(.text.StartPowerSupply)
    StopPowerSupply                          0x08004449   Thumb Code    36  powersupplyinterface.o(.text.StopPowerSupply)
    SysTick_Handler                          0x0800446d   Thumb Code    44  port.o(.text.SysTick_Handler)
    SystemClock_Config                       0x08004499   Thumb Code    88  main.o(.text.SystemClock_Config)
    SystemInit                               0x080044f1   Thumb Code    80  system_stm32f1xx.o(.text.SystemInit)
    TIM1_UP_TIM16_IRQHandler                 0x08004541   Thumb Code    12  stm32f1xx_it.o(.text.TIM1_UP_TIM16_IRQHandler)
    TIM_Base_SetConfig                       0x0800454d   Thumb Code   204  stm32f1xx_hal_tim.o(.text.TIM_Base_SetConfig)
    TIM_CCxChannelCmd                        0x08004619   Thumb Code    30  stm32f1xx_hal_tim.o(.text.TIM_CCxChannelCmd)
    TIM_OC2_SetConfig                        0x080046a5   Thumb Code   112  stm32f1xx_hal_tim.o(.text.TIM_OC2_SetConfig)
    UART4_IRQHandler                         0x080047dd   Thumb Code    12  stm32f1xx_it.o(.text.UART4_IRQHandler)
    UART5_IRQHandler                         0x080047e9   Thumb Code    12  stm32f1xx_it.o(.text.UART5_IRQHandler)
    USART1_IRQHandler                        0x08004a15   Thumb Code     8  stm32f1xx_it.o(.text.USART1_IRQHandler)
    UsageFault_Handler                       0x08004a1d   Thumb Code     2  stm32f1xx_it.o(.text.UsageFault_Handler)
    main                                     0x08004a45   Thumb Code   964  main.o(.text.main)
    onGetBytesPowerSupply                    0x08004e09   Thumb Code     8  powersupplyinterface.o(.text.onGetBytesPowerSupply)
    onSendBytesPowerSupply                   0x08004e11   Thumb Code    12  powersupplyinterface.o(.text.onSendBytesPowerSupply)
    osDelay                                  0x08004e1d   Thumb Code    16  cmsis_os.o(.text.osDelay)
    osKernelStart                            0x08004e2d   Thumb Code    10  cmsis_os.o(.text.osKernelStart)
    osThreadCreate                           0x08004e37   Thumb Code    86  cmsis_os.o(.text.osThreadCreate)
    pvPortMalloc                             0x08005171   Thumb Code   300  heap_4.o(.text.pvPortMalloc)
    pxPortInitialiseStack                    0x0800529d   Thumb Code    32  port.o(.text.pxPortInitialiseStack)
    setPWM                                   0x080052bd   Thumb Code    68  main.o(.text.setPWM)
    uxListRemove                             0x08005301   Thumb Code    34  list.o(.text.uxListRemove)
    vApplicationGetIdleTaskMemory            0x08005325   Thumb Code    24  freertos.o(.text.vApplicationGetIdleTaskMemory)
    vApplicationStackOverflowHook            0x0800533d   Thumb Code     2  freertos.o(.text.vApplicationStackOverflowHook)
    vListInitialise                          0x0800533f   Thumb Code    22  list.o(.text.vListInitialise)
    vListInitialiseItem                      0x08005355   Thumb Code     6  list.o(.text.vListInitialiseItem)
    vListInsert                              0x0800535b   Thumb Code    46  list.o(.text.vListInsert)
    vListInsertEnd                           0x08005389   Thumb Code    26  list.o(.text.vListInsertEnd)
    vPortEnterCritical                       0x080053a5   Thumb Code    56  port.o(.text.vPortEnterCritical)
    vPortExitCritical                        0x080053dd   Thumb Code    44  port.o(.text.vPortExitCritical)
    vPortFree                                0x08005409   Thumb Code   112  heap_4.o(.text.vPortFree)
    vPortSetupTimerInterrupt                 0x08005479   Thumb Code    40  port.o(.text.vPortSetupTimerInterrupt)
    vTaskDelay                               0x080054a1   Thumb Code    76  tasks.o(.text.vTaskDelay)
    vTaskStartScheduler                      0x080054ed   Thumb Code    96  tasks.o(.text.vTaskStartScheduler)
    vTaskSuspendAll                          0x0800554d   Thumb Code    12  tasks.o(.text.vTaskSuspendAll)
    vTaskSwitchContext                       0x08005559   Thumb Code   112  tasks.o(.text.vTaskSwitchContext)
    xPortStartScheduler                      0x080055c9   Thumb Code   156  port.o(.text.xPortStartScheduler)
    xTaskCreate                              0x08005665   Thumb Code    88  tasks.o(.text.xTaskCreate)
    xTaskCreateStatic                        0x080056bd   Thumb Code   110  tasks.o(.text.xTaskCreateStatic)
    xTaskGetTickCount                        0x0800572d   Thumb Code     8  tasks.o(.text.xTaskGetTickCount)
    xTaskIncrementTick                       0x08005735   Thumb Code   216  tasks.o(.text.xTaskIncrementTick)
    xTaskResumeAll                           0x0800580d   Thumb Code   200  tasks.o(.text.xTaskResumeAll)
    __0sprintf$1                             0x080058d5   Thumb Code    34  printf1.o(i.__0sprintf$1)
    __1sprintf$1                             0x080058d5   Thumb Code     0  printf1.o(i.__0sprintf$1)
    __2sprintf                               0x080058d5   Thumb Code     0  printf1.o(i.__0sprintf$1)
    __scatterload_copy                       0x080058fd   Thumb Code    14  handlers.o(i.__scatterload_copy)
    __scatterload_null                       0x0800590b   Thumb Code     2  handlers.o(i.__scatterload_null)
    __scatterload_zeroinit                   0x0800590d   Thumb Code    14  handlers.o(i.__scatterload_zeroinit)
    AHBPrescTable                            0x08005b88   Data          16  system_stm32f1xx.o(.rodata.AHBPrescTable)
    APBPrescTable                            0x08005b98   Data           8  system_stm32f1xx.o(.rodata.APBPrescTable)
    BitPowerOff                              0x08005ba0   Data          10  powersupplyinterface.o(.rodata.BitPowerOff)
    BitPowerOn                               0x08005baa   Data          10  powersupplyinterface.o(.rodata.BitPowerOn)
    BitWorkOff                               0x08005bb4   Data          10  powersupplyinterface.o(.rodata.BitWorkOff)
    BitWorkOn                                0x08005bbe   Data          10  powersupplyinterface.o(.rodata.BitWorkOn)
    GetAmpVolt                               0x08005dc8   Data           8  powersupplyinterface.o(.rodata.GetAmpVolt)
    TimeoutConf                              0x08005dd0   Data          11  powersupplyinterface.o(.rodata.TimeoutConf)
    Region$$Table$$Base                      0x08005f34   Number         0  anon$$obj.o(Region$$Table)
    Region$$Table$$Limit                     0x08005f54   Number         0  anon$$obj.o(Region$$Table)
    uwTickFreq                               0x20000000   Data           1  stm32f1xx_hal.o(.data..L_MergedGlobals)
    uwTickPrio                               0x20000004   Data           4  stm32f1xx_hal.o(.data..L_MergedGlobals)
    NextionFree                              0x20000008   Data           1  nextioninterface.o(.data.NextionFree)
    SetAmp                                   0x20000009   Data          13  powersupplyinterface.o(.data.SetAmp)
    SystemCoreClock                          0x20000018   Data           4  system_stm32f1xx.o(.data.SystemCoreClock)
    TempCorrectionDependence                 0x2000001c   Data          64  main.o(.data.TempCorrectionDependence)
    TempDependence                           0x2000005c   Data         136  main.o(.data.TempDependence)
    WQ_20                                    0x200000e4   Data          96  main.o(.data.WQ_20)
    ADC_fl                                   0x20000148   Data           1  main.o(.bss..L_MergedGlobals)
    defaultTaskHandle                        0x2000014c   Data           4  main.o(.bss..L_MergedGlobals)
    PowerSupplyTaskHandle                    0x20000150   Data           4  main.o(.bss..L_MergedGlobals)
    SensorsPollTaskHandle                    0x20000154   Data           4  main.o(.bss..L_MergedGlobals)
    LedTaskHandle                            0x20000158   Data           4  main.o(.bss..L_MergedGlobals)
    NextionTaskHandle                        0x2000015c   Data           4  main.o(.bss..L_MergedGlobals)
    CompRS485TaskHandle                      0x20000160   Data           4  main.o(.bss..L_MergedGlobals)
    ManagerTaskHandle                        0x20000164   Data           4  main.o(.bss..L_MergedGlobals)
    PumpTaskHandle                           0x20000168   Data           4  main.o(.bss..L_MergedGlobals)
    CalcAhHandle                             0x2000016c   Data           4  main.o(.bss..L_MergedGlobals)
    hrtc                                     0x20000170   Data          20  main.o(.bss..L_MergedGlobals)
    hadc1                                    0x20000184   Data          48  main.o(.bss..L_MergedGlobals)
    P_component                              0x200001b8   Data           8  pid_regulator.o(.bss..L_MergedGlobals)
    I_component                              0x200001c0   Data           8  pid_regulator.o(.bss..L_MergedGlobals)
    pxCurrentTCB                             0x200001c8   Data           4  tasks.o(.bss..L_MergedGlobals)
    StateMSG                                 0x20000260   Data           1  powersupplyinterface.o(.bss..L_MergedGlobals)
    LAST_CMD                                 0x20000261   Data           1  powersupplyinterface.o(.bss..L_MergedGlobals)
    RXBufferLen1                             0x20000264   Data           1  uarts.o(.bss..L_MergedGlobals)
    RXBufferLen4                             0x20000265   Data           1  uarts.o(.bss..L_MergedGlobals)
    RXBufferLen5                             0x20000266   Data           1  uarts.o(.bss..L_MergedGlobals)
    CallBackRX1                              0x20000268   Data           4  uarts.o(.bss..L_MergedGlobals)
    CallBackRX4                              0x2000026c   Data           4  uarts.o(.bss..L_MergedGlobals)
    CallBackRX5                              0x20000270   Data           4  uarts.o(.bss..L_MergedGlobals)
    CallBackTX1                              0x20000274   Data           4  uarts.o(.bss..L_MergedGlobals)
    CallBackTX4                              0x20000278   Data           4  uarts.o(.bss..L_MergedGlobals)
    CallBackTX5                              0x2000027c   Data           4  uarts.o(.bss..L_MergedGlobals)
    RXBuffer1                                0x20000280   Data          40  uarts.o(.bss..L_MergedGlobals)
    RXBuffer4                                0x200002a8   Data          40  uarts.o(.bss..L_MergedGlobals)
    RXBuffer5                                0x200002f8   Data          40  uarts.o(.bss.RXBuffer5)
    Values                                   0x20000320   Data          72  main.o(.bss.Values)
    WarningTimer                             0x20000368   Data           2  nextioninterface.o(.bss.WarningTimer)
    hdma_adc1                                0x2000036c   Data          68  main.o(.bss.hdma_adc1)
    hdma_uart4_rx                            0x200003b0   Data          68  main.o(.bss.hdma_uart4_rx)
    hdma_uart4_tx                            0x200003f4   Data          68  main.o(.bss.hdma_uart4_tx)
    hdma_uart5_rx                            0x20000438   Data          68  main.o(.bss.hdma_uart5_rx)
    hdma_uart5_tx                            0x2000047c   Data          68  main.o(.bss.hdma_uart5_tx)
    hdma_usart1_rx                           0x200004c0   Data          68  main.o(.bss.hdma_usart1_rx)
    hdma_usart1_tx                           0x20000504   Data          68  main.o(.bss.hdma_usart1_tx)
    htim1                                    0x20000548   Data          72  stm32f1xx_hal_timebase_tim.o(.bss.htim1)
    htim3                                    0x20000590   Data          72  main.o(.bss.htim3)
    huart1                                   0x200005d8   Data          64  main.o(.bss.huart1)
    huart4                                   0x20000618   Data          64  main.o(.bss.huart4)
    huart5                                   0x20000658   Data          64  main.o(.bss.huart5)
    pFlash                                   0x20000698   Data          32  stm32f1xx_hal_flash.o(.bss.pFlash)
    uwTick                                   0x20007398   Data           4  stm32f1xx_hal.o(.bss.uwTick)
    __initial_sp                             0x200079e8   Data           0  startup_stm32f100xe.o(STACK)



==============================================================================

Memory Map of the image

  Image Entry point : 0x08000135

  Load Region LR_IROM1 (Base: 0x08000000, Size: 0x000060a0, Max: 0x00080000, ABSOLUTE, COMPRESSED[0x00006038])

    Execution Region ER_IROM1 (Exec base: 0x08000000, Load base: 0x08000000, Size: 0x00005f54, Max: 0x00080000, ABSOLUTE)

    Exec Addr    Load Addr    Size         Type   Attr      Idx    E Section Name        Object

    0x08000000   0x08000000   0x00000134   Data   RO            3    RESET               startup_stm32f100xe.o
    0x08000134   0x08000134   0x00000000   Code   RO         1756  * .ARM.Collect$$$$00000000  mc_w.l(entry.o)
    0x08000134   0x08000134   0x00000004   Code   RO         2064    .ARM.Collect$$$$00000001  mc_w.l(entry2.o)
    0x08000138   0x08000138   0x00000004   Code   RO         2067    .ARM.Collect$$$$00000004  mc_w.l(entry5.o)
    0x0800013c   0x0800013c   0x00000000   Code   RO         2069    .ARM.Collect$$$$00000008  mc_w.l(entry7b.o)
    0x0800013c   0x0800013c   0x00000000   Code   RO         2071    .ARM.Collect$$$$0000000A  mc_w.l(entry8b.o)
    0x0800013c   0x0800013c   0x00000008   Code   RO         2072    .ARM.Collect$$$$0000000B  mc_w.l(entry9a.o)
    0x08000144   0x08000144   0x00000000   Code   RO         2074    .ARM.Collect$$$$0000000D  mc_w.l(entry10a.o)
    0x08000144   0x08000144   0x00000000   Code   RO         2076    .ARM.Collect$$$$0000000F  mc_w.l(entry11a.o)
    0x08000144   0x08000144   0x00000004   Code   RO         2065    .ARM.Collect$$$$00002712  mc_w.l(entry2.o)
    0x08000148   0x08000148   0x00000024   Code   RO            4    .text               startup_stm32f100xe.o
    0x0800016c   0x0800016c   0x00000020   Code   RO         1759    .text               mc_w.l(llushr.o)
    0x0800018c   0x0800018c   0x00000024   Code   RO         1761    .text               mc_w.l(memcpya.o)
    0x080001b0   0x080001b0   0x00000024   Code   RO         1763    .text               mc_w.l(memseta.o)
    0x080001d4   0x080001d4   0x000000b0   Code   RO         2028    .text               mf_w.l(fadd.o)
    0x08000284   0x08000284   0x00000064   Code   RO         2030    .text               mf_w.l(fmul.o)
    0x080002e8   0x080002e8   0x0000007c   Code   RO         2032    .text               mf_w.l(fdiv.o)
    0x08000364   0x08000364   0x0000014e   Code   RO         2034    .text               mf_w.l(dadd.o)
    0x080004b2   0x080004b2   0x000000e4   Code   RO         2036    .text               mf_w.l(dmul.o)
    0x08000596   0x08000596   0x000000de   Code   RO         2038    .text               mf_w.l(ddiv.o)
    0x08000674   0x08000674   0x00000036   Code   RO         2040    .text               mf_w.l(dcmple.o)
    0x080006aa   0x080006aa   0x00000036   Code   RO         2042    .text               mf_w.l(dcmplt.o)
    0x080006e0   0x080006e0   0x00000036   Code   RO         2044    .text               mf_w.l(dcmpge.o)
    0x08000716   0x08000716   0x00000036   Code   RO         2046    .text               mf_w.l(dcmpgt.o)
    0x0800074c   0x0800074c   0x00000012   Code   RO         2048    .text               mf_w.l(fflti.o)
    0x0800075e   0x0800075e   0x0000000a   Code   RO         2050    .text               mf_w.l(ffltui.o)
    0x08000768   0x08000768   0x00000022   Code   RO         2052    .text               mf_w.l(dflti.o)
    0x0800078a   0x0800078a   0x0000001a   Code   RO         2054    .text               mf_w.l(dfltui.o)
    0x080007a4   0x080007a4   0x0000003e   Code   RO         2056    .text               mf_w.l(dfixi.o)
    0x080007e2   0x080007e2   0x00000032   Code   RO         2058    .text               mf_w.l(dfixui.o)
    0x08000814   0x08000814   0x00000026   Code   RO         2060    .text               mf_w.l(f2d.o)
    0x0800083a   0x0800083a   0x00000038   Code   RO         2062    .text               mf_w.l(d2f.o)
    0x08000872   0x08000872   0x0000002c   Code   RO         2083    .text               mc_w.l(uidiv.o)
    0x0800089e   0x0800089e   0x0000001e   Code   RO         2087    .text               mc_w.l(llshl.o)
    0x080008bc   0x080008bc   0x00000024   Code   RO         2089    .text               mc_w.l(llsshr.o)
    0x080008e0   0x080008e0   0x00000000   Code   RO         2091    .text               mc_w.l(iusefp.o)
    0x080008e0   0x080008e0   0x0000006e   Code   RO         2092    .text               mf_w.l(fepilogue.o)
    0x0800094e   0x0800094e   0x000000ba   Code   RO         2094    .text               mf_w.l(depilogue.o)
    0x08000a08   0x08000a08   0x00000024   Code   RO         2100    .text               mc_w.l(init.o)
    0x08000a2c   0x08000a2c   0x0000003a   Code   RO         2112    .text               mc_w.l(__dczerorl.o)
    0x08000a66   0x08000a66   0x00000044   Code   RO          224    .text.ADC_ConversionStop_Disable  stm32f1xx_hal_adc.o
    0x08000aaa   0x08000aaa   0x0000004c   Code   RO          246    .text.ADC_DMAConvCplt  stm32f1xx_hal_adc.o
    0x08000af6   0x08000af6   0x00000016   Code   RO          250    .text.ADC_DMAError  stm32f1xx_hal_adc.o
    0x08000b0c   0x08000b0c   0x00000006   Code   RO          248    .text.ADC_DMAHalfConvCplt  stm32f1xx_hal_adc.o
    0x08000b12   0x08000b12   0x00000002   PAD
    0x08000b14   0x08000b14   0x0000006c   Code   RO          232    .text.ADC_Enable    stm32f1xx_hal_adc.o
    0x08000b80   0x08000b80   0x00000002   Code   RO          120    .text.BusFault_Handler  stm32f1xx_it.o
    0x08000b82   0x08000b82   0x00000002   PAD
    0x08000b84   0x08000b84   0x0000002c   Code   RO         1691    .text.CRC16         powersupplyinterface.o
    0x08000bb0   0x08000bb0   0x00000070   Code   RO           57    .text.CalcAhFu      main.o
    0x08000c20   0x08000c20   0x00000038   Code   RO           25    .text.CheckLevelSensors  main.o
    0x08000c58   0x08000c58   0x00000014   Code   RO           27    .text.CheckUserCommands  main.o
    0x08000c6c   0x08000c6c   0x00000028   Code   RO           51    .text.CompRS485Fu   main.o
    0x08000c94   0x08000c94   0x0000000c   Code   RO          126    .text.DMA1_Channel1_IRQHandler  stm32f1xx_it.o
    0x08000ca0   0x08000ca0   0x0000000c   Code   RO          128    .text.DMA1_Channel4_IRQHandler  stm32f1xx_it.o
    0x08000cac   0x08000cac   0x0000000c   Code   RO          130    .text.DMA1_Channel5_IRQHandler  stm32f1xx_it.o
    0x08000cb8   0x08000cb8   0x0000000c   Code   RO          140    .text.DMA2_Channel1_IRQHandler  stm32f1xx_it.o
    0x08000cc4   0x08000cc4   0x0000000c   Code   RO          142    .text.DMA2_Channel3_IRQHandler  stm32f1xx_it.o
    0x08000cd0   0x08000cd0   0x0000001c   Code   RO          144    .text.DMA2_Channel4_5_IRQHandler  stm32f1xx_it.o
    0x08000cec   0x08000cec   0x00000026   Code   RO          448    .text.DMA_SetConfig  stm32f1xx_hal_dma.o
    0x08000d12   0x08000d12   0x00000002   Code   RO          124    .text.DebugMon_Handler  stm32f1xx_it.o
    0x08000d14   0x08000d14   0x00000040   Code   RO         1636    .text.EEPROM_ClearPage  eeprom.o
    0x08000d54   0x08000d54   0x00000060   Code   RO         1640    .text.EEPROM_CopyPageData  eeprom.o
    0x08000db4   0x08000db4   0x0000001a   Code   RO         1644    .text.EEPROM_Format  eeprom.o
    0x08000dce   0x08000dce   0x00000002   PAD
    0x08000dd0   0x08000dd0   0x00000038   Code   RO         1628    .text.EEPROM_GetActivePageIdx  eeprom.o
    0x08000e08   0x08000e08   0x000000b4   Code   RO         1646    .text.EEPROM_Init   eeprom.o
    0x08000ebc   0x08000ebc   0x000000a0   Code   RO         1632    .text.EEPROM_PageTransfer  eeprom.o
    0x08000f5c   0x08000f5c   0x00000044   Code   RO         1626    .text.EEPROM_Read   eeprom.o
    0x08000fa0   0x08000fa0   0x0000002c   Code   RO         1634    .text.EEPROM_SetPageState  eeprom.o
    0x08000fcc   0x08000fcc   0x00000068   Code   RO         1638    .text.EEPROM_Write  eeprom.o
    0x08001034   0x08001034   0x00000028   Code   RO         1624    .text.EEPROM_WriteData  eeprom.o
    0x0800105c   0x0800105c   0x00000002   Code   RO           59    .text.Error_Handler  main.o
    0x0800105e   0x0800105e   0x00000002   PAD
    0x08001060   0x08001060   0x0000001c   Code   RO          599    .text.FLASH_MassErase  stm32f1xx_hal_flash_ex.o
    0x0800107c   0x0800107c   0x00000020   Code   RO          601    .text.FLASH_PageErase  stm32f1xx_hal_flash_ex.o
    0x0800109c   0x0800109c   0x0000004c   Code   RO          570    .text.FLASH_SetErrorCode  stm32f1xx_hal_flash.o
    0x080010e8   0x080010e8   0x00000054   Code   RO          564    .text.FLASH_WaitForLastOperation  stm32f1xx_hal_flash.o
    0x0800113c   0x0800113c   0x00000040   Code   RO           61    .text.GeneratorSetActive  main.o
    0x0800117c   0x0800117c   0x00000008   Code   RO         1679    .text.GetAmperageFromPowerSupply  powersupplyinterface.o
    0x08001184   0x08001184   0x0000006a   Code   RO           13    .text.GetDependenceValue  main.o
    0x080011ee   0x080011ee   0x000000a6   Code   RO           11    .text.GetDependenceValueF  main.o
    0x08001294   0x08001294   0x0000002e   Code   RO         1747    .text.GrabMSG       pcinterface.o
    0x080012c2   0x080012c2   0x00000002   PAD
    0x080012c4   0x080012c4   0x000000bc   Code   RO          282    .text.HAL_ADCEx_Calibration_Start  stm32f1xx_hal_adc_ex.o
    0x08001380   0x08001380   0x00000114   Code   RO          266    .text.HAL_ADC_ConfigChannel  stm32f1xx_hal_adc.o
    0x08001494   0x08001494   0x0000002c   Code   RO           35    .text.HAL_ADC_ConvCpltCallback  main.o
    0x080014c0   0x080014c0   0x00000002   Code   RO          262    .text.HAL_ADC_ConvHalfCpltCallback  stm32f1xx_hal_adc.o
    0x080014c2   0x080014c2   0x00000002   Code   RO          264    .text.HAL_ADC_ErrorCallback  stm32f1xx_hal_adc.o
    0x080014c4   0x080014c4   0x00000110   Code   RO          220    .text.HAL_ADC_Init  stm32f1xx_hal_adc.o
    0x080015d4   0x080015d4   0x00000090   Code   RO          155    .text.HAL_ADC_MspInit  stm32f1xx_hal_msp.o
    0x08001664   0x08001664   0x000000b8   Code   RO          244    .text.HAL_ADC_Start_DMA  stm32f1xx_hal_adc.o
    0x0800171c   0x0800171c   0x00000058   Code   RO          252    .text.HAL_ADC_Stop_DMA  stm32f1xx_hal_adc.o
    0x08001774   0x08001774   0x0000003e   Code   RO          452    .text.HAL_DMA_Abort  stm32f1xx_hal_dma.o
    0x080017b2   0x080017b2   0x00000002   PAD
    0x080017b4   0x080017b4   0x000000c8   Code   RO          454    .text.HAL_DMA_Abort_IT  stm32f1xx_hal_dma.o
    0x0800187c   0x0800187c   0x00000004   Code   RO          466    .text.HAL_DMA_GetError  stm32f1xx_hal_dma.o
    0x08001880   0x08001880   0x00000006   Code   RO          464    .text.HAL_DMA_GetState  stm32f1xx_hal_dma.o
    0x08001886   0x08001886   0x00000002   PAD
    0x08001888   0x08001888   0x000001d0   Code   RO          458    .text.HAL_DMA_IRQHandler  stm32f1xx_hal_dma.o
    0x08001a58   0x08001a58   0x0000006c   Code   RO          442    .text.HAL_DMA_Init  stm32f1xx_hal_dma.o
    0x08001ac4   0x08001ac4   0x00000066   Code   RO          450    .text.HAL_DMA_Start_IT  stm32f1xx_hal_dma.o
    0x08001b2a   0x08001b2a   0x00000002   PAD
    0x08001b2c   0x08001b2c   0x00000094   Code   RO          597    .text.HAL_FLASHEx_Erase  stm32f1xx_hal_flash_ex.o
    0x08001bc0   0x08001bc0   0x00000010   Code   RO          578    .text.HAL_FLASH_Lock  stm32f1xx_hal_flash.o
    0x08001bd0   0x08001bd0   0x00000094   Code   RO          562    .text.HAL_FLASH_Program  stm32f1xx_hal_flash.o
    0x08001c64   0x08001c64   0x00000028   Code   RO          576    .text.HAL_FLASH_Unlock  stm32f1xx_hal_flash.o
    0x08001c8c   0x08001c8c   0x000001a0   Code   RO          418    .text.HAL_GPIO_Init  stm32f1xx_hal_gpio.o
    0x08001e2c   0x08001e2c   0x0000000a   Code   RO          422    .text.HAL_GPIO_ReadPin  stm32f1xx_hal_gpio.o
    0x08001e36   0x08001e36   0x00000010   Code   RO          426    .text.HAL_GPIO_TogglePin  stm32f1xx_hal_gpio.o
    0x08001e46   0x08001e46   0x0000000a   Code   RO          424    .text.HAL_GPIO_WritePin  stm32f1xx_hal_gpio.o
    0x08001e50   0x08001e50   0x00000008   Code   RO          320    .text.HAL_GetTick   stm32f1xx_hal.o
    0x08001e58   0x08001e58   0x00000018   Code   RO          318    .text.HAL_IncTick   stm32f1xx_hal.o
    0x08001e70   0x08001e70   0x00000016   Code   RO          308    .text.HAL_Init      stm32f1xx_hal.o
    0x08001e86   0x08001e86   0x00000002   PAD
    0x08001e88   0x08001e88   0x00000074   Code   RO          181    .text.HAL_InitTick  stm32f1xx_hal_timebase_tim.o
    0x08001efc   0x08001efc   0x00000040   Code   RO          153    .text.HAL_MspInit   stm32f1xx_hal_msp.o
    0x08001f3c   0x08001f3c   0x0000001c   Code   RO          482    .text.HAL_NVIC_EnableIRQ  stm32f1xx_hal_cortex.o
    0x08001f58   0x08001f58   0x00000038   Code   RO          478    .text.HAL_NVIC_SetPriority  stm32f1xx_hal_cortex.o
    0x08001f90   0x08001f90   0x00000020   Code   RO          476    .text.HAL_NVIC_SetPriorityGrouping  stm32f1xx_hal_cortex.o
    0x08001fb0   0x08001fb0   0x0000000c   Code   RO          520    .text.HAL_PWR_EnableBkUpAccess  stm32f1xx_hal_pwr.o
    0x08001fbc   0x08001fbc   0x0000006c   Code   RO          408    .text.HAL_RCCEx_GetPeriphCLKFreq  stm32f1xx_hal_rcc_ex.o
    0x08002028   0x08002028   0x000000e8   Code   RO          404    .text.HAL_RCCEx_PeriphCLKConfig  stm32f1xx_hal_rcc_ex.o
    0x08002110   0x08002110   0x000000d8   Code   RO          372    .text.HAL_RCC_ClockConfig  stm32f1xx_hal_rcc.o
    0x080021e8   0x080021e8   0x00000030   Code   RO          390    .text.HAL_RCC_GetClockConfig  stm32f1xx_hal_rcc.o
    0x08002218   0x08002218   0x00000014   Code   RO          384    .text.HAL_RCC_GetPCLK1Freq  stm32f1xx_hal_rcc.o
    0x0800222c   0x0800222c   0x0000001c   Code   RO          386    .text.HAL_RCC_GetPCLK2Freq  stm32f1xx_hal_rcc.o
    0x08002248   0x08002248   0x0000006c   Code   RO          374    .text.HAL_RCC_GetSysClockFreq  stm32f1xx_hal_rcc.o
    0x080022b4   0x080022b4   0x00000334   Code   RO          370    .text.HAL_RCC_OscConfig  stm32f1xx_hal_rcc.o
    0x080025e8   0x080025e8   0x000000a0   Code   RO          649    .text.HAL_RTC_Init  stm32f1xx_hal_rtc.o
    0x08002688   0x08002688   0x00000038   Code   RO          159    .text.HAL_RTC_MspInit  stm32f1xx_hal_msp.o
    0x080026c0   0x080026c0   0x00000036   Code   RO          653    .text.HAL_RTC_WaitForSynchro  stm32f1xx_hal_rtc.o
    0x080026f6   0x080026f6   0x00000002   Code   RO         1059    .text.HAL_TIMEx_BreakCallback  stm32f1xx_hal_tim_ex.o
    0x080026f8   0x080026f8   0x00000002   Code   RO         1055    .text.HAL_TIMEx_CommutCallback  stm32f1xx_hal_tim_ex.o
    0x080026fa   0x080026fa   0x00000002   PAD
    0x080026fc   0x080026fc   0x0000006c   Code   RO         1049    .text.HAL_TIMEx_MasterConfigSynchronization  stm32f1xx_hal_tim_ex.o
    0x08002768   0x08002768   0x00000058   Code   RO          741    .text.HAL_TIM_Base_Init  stm32f1xx_hal_tim.o
    0x080027c0   0x080027c0   0x00000002   Code   RO          743    .text.HAL_TIM_Base_MspInit  stm32f1xx_hal_tim.o
    0x080027c2   0x080027c2   0x00000002   PAD
    0x080027c4   0x080027c4   0x00000070   Code   RO          755    .text.HAL_TIM_Base_Start_IT  stm32f1xx_hal_tim.o
    0x08002834   0x08002834   0x00000002   Code   RO          877    .text.HAL_TIM_IC_CaptureCallback  stm32f1xx_hal_tim.o
    0x08002836   0x08002836   0x0000016c   Code   RO          875    .text.HAL_TIM_IRQHandler  stm32f1xx_hal_tim.o
    0x080029a2   0x080029a2   0x00000002   PAD
    0x080029a4   0x080029a4   0x00000060   Code   RO          165    .text.HAL_TIM_MspPostInit  stm32f1xx_hal_msp.o
    0x08002a04   0x08002a04   0x00000002   Code   RO          879    .text.HAL_TIM_OC_DelayElapsedCallback  stm32f1xx_hal_tim.o
    0x08002a06   0x08002a06   0x00000002   PAD
    0x08002a08   0x08002a08   0x00000096   Code   RO          903    .text.HAL_TIM_PWM_ConfigChannel  stm32f1xx_hal_tim.o
    0x08002a9e   0x08002a9e   0x00000058   Code   RO          795    .text.HAL_TIM_PWM_Init  stm32f1xx_hal_tim.o
    0x08002af6   0x08002af6   0x00000002   PAD
    0x08002af8   0x08002af8   0x0000002c   Code   RO          163    .text.HAL_TIM_PWM_MspInit  stm32f1xx_hal_msp.o
    0x08002b24   0x08002b24   0x00000002   Code   RO          881    .text.HAL_TIM_PWM_PulseFinishedCallback  stm32f1xx_hal_tim.o
    0x08002b26   0x08002b26   0x00000002   PAD
    0x08002b28   0x08002b28   0x000000d0   Code   RO          803    .text.HAL_TIM_PWM_Start  stm32f1xx_hal_tim.o
    0x08002bf8   0x08002bf8   0x0000008c   Code   RO          805    .text.HAL_TIM_PWM_Stop  stm32f1xx_hal_tim.o
    0x08002c84   0x08002c84   0x00000014   Code   RO           63    .text.HAL_TIM_PeriodElapsedCallback  main.o
    0x08002c98   0x08002c98   0x00000002   Code   RO          885    .text.HAL_TIM_TriggerCallback  stm32f1xx_hal_tim.o
    0x08002c9a   0x08002c9a   0x00000050   Code   RO         1123    .text.HAL_UART_AbortReceive  stm32f1xx_hal_uart.o
    0x08002cea   0x08002cea   0x00000002   Code   RO         1151    .text.HAL_UART_ErrorCallback  stm32f1xx_hal_uart.o
    0x08002cec   0x08002cec   0x0000000e   Code   RO         1171    .text.HAL_UART_GetState  stm32f1xx_hal_uart.o
    0x08002cfa   0x08002cfa   0x00000002   PAD
    0x08002cfc   0x08002cfc   0x000000fc   Code   RO         1716    .text.HAL_UART_IDLE_Callback  uarts.o
    0x08002df8   0x08002df8   0x00000160   Code   RO         1145    .text.HAL_UART_IRQHandler  stm32f1xx_hal_uart.o
    0x08002f58   0x08002f58   0x0000005c   Code   RO         1073    .text.HAL_UART_Init  stm32f1xx_hal_uart.o
    0x08002fb4   0x08002fb4   0x00000284   Code   RO          169    .text.HAL_UART_MspInit  stm32f1xx_hal_msp.o
    0x08003238   0x08003238   0x0000008c   Code   RO         1105    .text.HAL_UART_Receive_DMA  stm32f1xx_hal_uart.o
    0x080032c4   0x080032c4   0x000000d0   Code   RO         1718    .text.HAL_UART_RxCpltCallback  uarts.o
    0x08003394   0x08003394   0x00000002   Code   RO         1159    .text.HAL_UART_RxHalfCpltCallback  stm32f1xx_hal_uart.o
    0x08003396   0x08003396   0x00000002   PAD
    0x08003398   0x08003398   0x0000006c   Code   RO         1099    .text.HAL_UART_Transmit_DMA  stm32f1xx_hal_uart.o
    0x08003404   0x08003404   0x0000004c   Code   RO         1720    .text.HAL_UART_TxCpltCallback  uarts.o
    0x08003450   0x08003450   0x00000002   Code   RO          116    .text.HardFault_Handler  stm32f1xx_it.o
    0x08003452   0x08003452   0x00000002   PAD
    0x08003454   0x08003454   0x00000014   Code   RO         1689    .text.InitPowerSupplyInterface  powersupplyinterface.o
    0x08003468   0x08003468   0x00000034   Code   RO         1722    .text.InitUartCallback  uarts.o
    0x0800349c   0x0800349c   0x00000060   Code   RO         1724    .text.InitUarts     uarts.o
    0x080034fc   0x080034fc   0x0000008c   Code   RO           47    .text.LedFU         main.o
    0x08003588   0x08003588   0x00000018   Code   RO           53    .text.ManagerFu     main.o
    0x080035a0   0x080035a0   0x000002e0   Code   RO           29    .text.ManagerPoll   main.o
    0x08003880   0x08003880   0x00000002   Code   RO          118    .text.MemManage_Handler  stm32f1xx_it.o
    0x08003882   0x08003882   0x00000002   Code   RO          114    .text.NMI_Handler   stm32f1xx_it.o
    0x08003884   0x08003884   0x0000008c   Code   RO           49    .text.NextionFu     main.o
    0x08003910   0x08003910   0x000003f0   Code   RO         1660    .text.NextionPoll   nextioninterface.o
    0x08003d00   0x08003d00   0x000000bc   Code   RO          196    .text.PID_Calculated  pid_regulator.o
    0x08003dbc   0x08003dbc   0x00000004   PAD
    0x08003dc0   0x08003dc0   0x00000044   Code   RO         1608    .text.PendSV_Handler  port.o
    0x08003e04   0x08003e04   0x00000014   Code   RO         1697    .text.PollPowerSupply  powersupplyinterface.o
    0x08003e18   0x08003e18   0x00000010   Code   RO           43    .text.PowerSupplyFu  main.o
    0x08003e28   0x08003e28   0x00000054   Code   RO         1677    .text.ProcessingMsgPowerSupply  powersupplyinterface.o
    0x08003e7c   0x08003e7c   0x00000080   Code   RO           55    .text.PumpFu        main.o
    0x08003efc   0x08003efc   0x0000002e   Code   RO          655    .text.RTC_EnterInitMode  stm32f1xx_hal_rtc.o
    0x08003f2a   0x08003f2a   0x00000030   Code   RO          657    .text.RTC_ExitInitMode  stm32f1xx_hal_rtc.o
    0x08003f5a   0x08003f5a   0x00000006   PAD
    0x08003f60   0x08003f60   0x00000024   Code   RO         1594    .text.SVC_Handler   port.o
    0x08003f84   0x08003f84   0x00000008   Code   RO         1675    .text.SendBytes     powersupplyinterface.o
    0x08003f8c   0x08003f8c   0x000000b0   Code   RO         1726    .text.SendBytesUART  uarts.o
    0x0800403c   0x0800403c   0x000000c4   Code   RO         1681    .text.SendCmdToPowerSupply  powersupplyinterface.o
    0x08004100   0x08004100   0x00000070   Code   RO         1658    .text.SendToNextion  nextioninterface.o
    0x08004170   0x08004170   0x0000000c   Code   RO         1739    .text.SendToPC_RAW  pcinterface.o
    0x0800417c   0x0800417c   0x0000006a   Code   RO         1741    .text.SendValuesToPC  pcinterface.o
    0x080041e6   0x080041e6   0x00000002   PAD
    0x080041e8   0x080041e8   0x000000f0   Code   RO           45    .text.SensorsPollFu  main.o
    0x080042d8   0x080042d8   0x00000024   Code   RO         1743    .text.SetActive     pcinterface.o
    0x080042fc   0x080042fc   0x00000008   Code   RO         1683    .text.SetAmperageToPowerSupply  powersupplyinterface.o
    0x08004304   0x08004304   0x00000038   Code   RO         1745    .text.SetNewAmperage  pcinterface.o
    0x0800433c   0x0800433c   0x00000048   Code   RO           17    .text.SetVoltageAmperageLowSpeed  main.o
    0x08004384   0x08004384   0x0000007c   Code   RO           41    .text.StartDefaultTask  main.o
    0x08004400   0x08004400   0x00000048   Code   RO         1685    .text.StartPowerSupply  powersupplyinterface.o
    0x08004448   0x08004448   0x00000024   Code   RO         1687    .text.StopPowerSupply  powersupplyinterface.o
    0x0800446c   0x0800446c   0x0000002c   Code   RO         1610    .text.SysTick_Handler  port.o
    0x08004498   0x08004498   0x00000058   Code   RO           39    .text.SystemClock_Config  main.o
    0x080044f0   0x080044f0   0x00000050   Code   RO         1183    .text.SystemInit    system_stm32f1xx.o
    0x08004540   0x08004540   0x0000000c   Code   RO          132    .text.TIM1_UP_TIM16_IRQHandler  stm32f1xx_it.o
    0x0800454c   0x0800454c   0x000000cc   Code   RO          745    .text.TIM_Base_SetConfig  stm32f1xx_hal_tim.o
    0x08004618   0x08004618   0x0000001e   Code   RO          779    .text.TIM_CCxChannelCmd  stm32f1xx_hal_tim.o
    0x08004636   0x08004636   0x00000002   PAD
    0x08004638   0x08004638   0x0000006c   Code   RO          889    .text.TIM_OC1_SetConfig  stm32f1xx_hal_tim.o
    0x080046a4   0x080046a4   0x00000070   Code   RO          891    .text.TIM_OC2_SetConfig  stm32f1xx_hal_tim.o
    0x08004714   0x08004714   0x00000070   Code   RO          893    .text.TIM_OC3_SetConfig  stm32f1xx_hal_tim.o
    0x08004784   0x08004784   0x00000058   Code   RO          895    .text.TIM_OC4_SetConfig  stm32f1xx_hal_tim.o
    0x080047dc   0x080047dc   0x0000000c   Code   RO          136    .text.UART4_IRQHandler  stm32f1xx_it.o
    0x080047e8   0x080047e8   0x0000000c   Code   RO          138    .text.UART5_IRQHandler  stm32f1xx_it.o
    0x080047f4   0x080047f4   0x0000000c   Code   RO         1149    .text.UART_DMAAbortOnError  stm32f1xx_hal_uart.o
    0x08004800   0x08004800   0x00000054   Code   RO         1103    .text.UART_DMAError  stm32f1xx_hal_uart.o
    0x08004854   0x08004854   0x00000032   Code   RO         1107    .text.UART_DMAReceiveCplt  stm32f1xx_hal_uart.o
    0x08004886   0x08004886   0x00000006   Code   RO         1109    .text.UART_DMARxHalfCplt  stm32f1xx_hal_uart.o
    0x0800488c   0x0800488c   0x00000026   Code   RO         1101    .text.UART_DMATransmitCplt  stm32f1xx_hal_uart.o
    0x080048b2   0x080048b2   0x0000001a   Code   RO         1117    .text.UART_EndRxTransfer  stm32f1xx_hal_uart.o
    0x080048cc   0x080048cc   0x00000076   Code   RO         1147    .text.UART_Receive_IT  stm32f1xx_hal_uart.o
    0x08004942   0x08004942   0x00000002   PAD
    0x08004944   0x08004944   0x000000d0   Code   RO         1077    .text.UART_SetConfig  stm32f1xx_hal_uart.o
    0x08004a14   0x08004a14   0x00000008   Code   RO          134    .text.USART1_IRQHandler  stm32f1xx_it.o
    0x08004a1c   0x08004a1c   0x00000002   Code   RO          122    .text.UsageFault_Handler  stm32f1xx_it.o
    0x08004a1e   0x08004a1e   0x00000002   PAD
    0x08004a20   0x08004a20   0x00000024   Code   RO          480    .text.__NVIC_SetPriority  stm32f1xx_hal_cortex.o
    0x08004a44   0x08004a44   0x000003c4   Code   RO           37    .text.main          main.o
    0x08004e08   0x08004e08   0x00000008   Code   RO         1695    .text.onGetBytesPowerSupply  powersupplyinterface.o
    0x08004e10   0x08004e10   0x0000000c   Code   RO         1693    .text.onSendBytesPowerSupply  powersupplyinterface.o
    0x08004e1c   0x08004e1c   0x00000010   Code   RO         1472    .text.osDelay       cmsis_os.o
    0x08004e2c   0x08004e2c   0x0000000a   Code   RO         1454    .text.osKernelStart  cmsis_os.o
    0x08004e36   0x08004e36   0x00000056   Code   RO         1460    .text.osThreadCreate  cmsis_os.o
    0x08004e8c   0x08004e8c   0x00000068   Code   RO         1370    .text.prvAddCurrentTaskToDelayedList  tasks.o
    0x08004ef4   0x08004ef4   0x000000bc   Code   RO         1356    .text.prvAddNewTaskToReadyList  tasks.o
    0x08004fb0   0x08004fb0   0x00000036   Code   RO         1362    .text.prvDeleteTCB  tasks.o
    0x08004fe6   0x08004fe6   0x00000002   PAD
    0x08004fe8   0x08004fe8   0x00000054   Code   RO         1392    .text.prvIdleTask   tasks.o
    0x0800503c   0x0800503c   0x00000084   Code   RO         1354    .text.prvInitialiseNewTask  tasks.o
    0x080050c0   0x080050c0   0x00000044   Code   RO         1570    .text.prvInsertBlockIntoFreeList  heap_4.o
    0x08005104   0x08005104   0x00000020   Code   RO         1600    .text.prvPortStartFirstTask  port.o
    0x08005124   0x08005124   0x00000020   Code   RO         1364    .text.prvResetNextTaskUnblockTime  tasks.o
    0x08005144   0x08005144   0x0000002c   Code   RO         1592    .text.prvTaskExitError  port.o
    0x08005170   0x08005170   0x0000012c   Code   RO         1568    .text.pvPortMalloc  heap_4.o
    0x0800529c   0x0800529c   0x00000020   Code   RO         1590    .text.pxPortInitialiseStack  port.o
    0x080052bc   0x080052bc   0x00000044   Code   RO           33    .text.setPWM        main.o
    0x08005300   0x08005300   0x00000022   Code   RO         1235    .text.uxListRemove  list.o
    0x08005322   0x08005322   0x00000002   PAD
    0x08005324   0x08005324   0x00000018   Code   RO          102    .text.vApplicationGetIdleTaskMemory  freertos.o
    0x0800533c   0x0800533c   0x00000002   Code   RO          100    .text.vApplicationStackOverflowHook  freertos.o
    0x0800533e   0x0800533e   0x00000016   Code   RO         1227    .text.vListInitialise  list.o
    0x08005354   0x08005354   0x00000006   Code   RO         1229    .text.vListInitialiseItem  list.o
    0x0800535a   0x0800535a   0x0000002e   Code   RO         1233    .text.vListInsert   list.o
    0x08005388   0x08005388   0x0000001a   Code   RO         1231    .text.vListInsertEnd  list.o
    0x080053a2   0x080053a2   0x00000002   PAD
    0x080053a4   0x080053a4   0x00000038   Code   RO         1604    .text.vPortEnterCritical  port.o
    0x080053dc   0x080053dc   0x0000002c   Code   RO         1606    .text.vPortExitCritical  port.o
    0x08005408   0x08005408   0x00000070   Code   RO         1572    .text.vPortFree     heap_4.o
    0x08005478   0x08005478   0x00000028   Code   RO         1598    .text.vPortSetupTimerInterrupt  port.o
    0x080054a0   0x080054a0   0x0000004c   Code   RO         1366    .text.vTaskDelay    tasks.o
    0x080054ec   0x080054ec   0x00000060   Code   RO         1390    .text.vTaskStartScheduler  tasks.o
    0x0800554c   0x0800554c   0x0000000c   Code   RO         1368    .text.vTaskSuspendAll  tasks.o
    0x08005558   0x08005558   0x00000070   Code   RO         1382    .text.vTaskSwitchContext  tasks.o
    0x080055c8   0x080055c8   0x0000009c   Code   RO         1596    .text.xPortStartScheduler  port.o
    0x08005664   0x08005664   0x00000058   Code   RO         1358    .text.xTaskCreate   tasks.o
    0x080056bc   0x080056bc   0x0000006e   Code   RO         1352    .text.xTaskCreateStatic  tasks.o
    0x0800572a   0x0800572a   0x00000002   PAD
    0x0800572c   0x0800572c   0x00000008   Code   RO         1398    .text.xTaskGetTickCount  tasks.o
    0x08005734   0x08005734   0x000000d8   Code   RO         1396    .text.xTaskIncrementTick  tasks.o
    0x0800580c   0x0800580c   0x000000c8   Code   RO         1372    .text.xTaskResumeAll  tasks.o
    0x080058d4   0x080058d4   0x00000028   Code   RO         1814    i.__0sprintf$1      mc_w.l(printf1.o)
    0x080058fc   0x080058fc   0x0000000e   Code   RO         2106    i.__scatterload_copy  mc_w.l(handlers.o)
    0x0800590a   0x0800590a   0x00000002   Code   RO         2107    i.__scatterload_null  mc_w.l(handlers.o)
    0x0800590c   0x0800590c   0x0000000e   Code   RO         2108    i.__scatterload_zeroinit  mc_w.l(handlers.o)
    0x0800591a   0x0800591a   0x00000002   PAD
    0x0800591c   0x0800591c   0x00000154   Code   RO         1819    i._printf_core      mc_w.l(printf1.o)
    0x08005a70   0x08005a70   0x0000000a   Code   RO         1821    i._sputc            mc_w.l(printf1.o)
    0x08005a7a   0x08005a7a   0x00000002   PAD
    0x08005a7c   0x08005a7c   0x0000000f   Data   RO         1664    .rodata..L__const.NextionPoll.StrNextion.1  nextioninterface.o
    0x08005a8b   0x08005a8b   0x00000001   PAD
    0x08005a8c   0x08005a8c   0x0000001c   Data   RO           78    .rodata..L__const.main.os_thread_def_CalcAh  main.o
    0x08005aa8   0x08005aa8   0x0000001c   Data   RO           75    .rodata..L__const.main.os_thread_def_CompRS485Task  main.o
    0x08005ac4   0x08005ac4   0x0000001c   Data   RO           73    .rodata..L__const.main.os_thread_def_LedTask  main.o
    0x08005ae0   0x08005ae0   0x0000001c   Data   RO           76    .rodata..L__const.main.os_thread_def_ManagerTask  main.o
    0x08005afc   0x08005afc   0x0000001c   Data   RO           74    .rodata..L__const.main.os_thread_def_NextionTask  main.o
    0x08005b18   0x08005b18   0x0000001c   Data   RO           71    .rodata..L__const.main.os_thread_def_PowerSupplyTask  main.o
    0x08005b34   0x08005b34   0x0000001c   Data   RO           77    .rodata..L__const.main.os_thread_def_PumpTask  main.o
    0x08005b50   0x08005b50   0x0000001c   Data   RO           72    .rodata..L__const.main.os_thread_def_SensorsPollTask  main.o
    0x08005b6c   0x08005b6c   0x0000001c   Data   RO           70    .rodata..L__const.main.os_thread_def_defaultTask  main.o
    0x08005b88   0x08005b88   0x00000010   Data   RO         1188    .rodata.AHBPrescTable  system_stm32f1xx.o
    0x08005b98   0x08005b98   0x00000008   Data   RO         1189    .rodata.APBPrescTable  system_stm32f1xx.o
    0x08005ba0   0x08005ba0   0x0000000a   Data   RO         1701    .rodata.BitPowerOff  powersupplyinterface.o
    0x08005baa   0x08005baa   0x0000000a   Data   RO         1700    .rodata.BitPowerOn  powersupplyinterface.o
    0x08005bb4   0x08005bb4   0x0000000a   Data   RO         1703    .rodata.BitWorkOff  powersupplyinterface.o
    0x08005bbe   0x08005bbe   0x0000000a   Data   RO         1702    .rodata.BitWorkOn   powersupplyinterface.o
    0x08005bc8   0x08005bc8   0x00000200   Data   RO         1706    .rodata.CRC16.wCRCTable  powersupplyinterface.o
    0x08005dc8   0x08005dc8   0x00000008   Data   RO         1704    .rodata.GetAmpVolt  powersupplyinterface.o
    0x08005dd0   0x08005dd0   0x0000000b   Data   RO         1699    .rodata.TimeoutConf  powersupplyinterface.o
    0x08005ddb   0x08005ddb   0x00000001   PAD
    0x08005ddc   0x08005ddc   0x00000010   Data   RO         1648    .rodata.cst8        eeprom.o
    0x08005dec   0x08005dec   0x0000006a   Data   RO           69    .rodata.str1.1      main.o
    0x08005e56   0x08005e56   0x000000a0   Data   RO         1666    .rodata.str1.1      nextioninterface.o
    0x08005ef6   0x08005ef6   0x0000000d   Data   RO         1729    .rodata.str1.1      uarts.o
    0x08005f03   0x08005f03   0x00000001   PAD
    0x08005f04   0x08005f04   0x0000002f   Data   RO         1665    .rodata.str1.4      nextioninterface.o
    0x08005f33   0x08005f33   0x00000001   PAD
    0x08005f34   0x08005f34   0x00000020   Data   RO         2105    Region$$Table       anon$$obj.o


    Execution Region RW_IRAM1 (Exec base: 0x20000000, Load base: 0x08005f58, Size: 0x000079e8, Max: 0x00008000, ABSOLUTE, COMPRESSED[0x000000e0])

    Exec Addr    Load Addr    Size         Type   Attr      Idx    E Section Name        Object

    0x20000000   COMPRESSED   0x00000008   Data   RW          359    .data..L_MergedGlobals  stm32f1xx_hal.o
    0x20000008   COMPRESSED   0x00000001   Data   RW         1662    .data.NextionFree   nextioninterface.o
    0x20000009   COMPRESSED   0x0000000d   Data   RW         1705    .data.SetAmp        powersupplyinterface.o
    0x20000016   COMPRESSED   0x00000002   PAD
    0x20000018   COMPRESSED   0x00000004   Data   RW         1187    .data.SystemCoreClock  system_stm32f1xx.o
    0x2000001c   COMPRESSED   0x00000040   Data   RW           65    .data.TempCorrectionDependence  main.o
    0x2000005c   COMPRESSED   0x00000088   Data   RW           66    .data.TempDependence  main.o
    0x200000e4   COMPRESSED   0x00000060   Data   RW           67    .data.WQ_20         main.o
    0x20000144   COMPRESSED   0x00000004   Data   RW         1614    .data.uxCriticalNesting  port.o
    0x20000148        -       0x0000006c   Zero   RW           91    .bss..L_MergedGlobals  main.o
    0x200001b4   COMPRESSED   0x00000004   PAD
    0x200001b8        -       0x00000010   Zero   RW          198    .bss..L_MergedGlobals  pid_regulator.o
    0x200001c8        -       0x00000078   Zero   RW         1443    .bss..L_MergedGlobals  tasks.o
    0x20000240        -       0x00000018   Zero   RW         1581    .bss..L_MergedGlobals  heap_4.o
    0x20000258        -       0x00000008   Zero   RW         1615    .bss..L_MergedGlobals  port.o
    0x20000260        -       0x00000002   Zero   RW         1707    .bss..L_MergedGlobals  powersupplyinterface.o
    0x20000262   COMPRESSED   0x00000002   PAD
    0x20000264        -       0x0000006c   Zero   RW         1730    .bss..L_MergedGlobals  uarts.o
    0x200002d0        -       0x00000028   Zero   RW         1444    .bss..L_MergedGlobals.1  tasks.o
    0x200002f8        -       0x00000028   Zero   RW         1728    .bss.RXBuffer5      uarts.o
    0x20000320        -       0x00000048   Zero   RW           79    .bss.Values         main.o
    0x20000368        -       0x00000002   Zero   RW         1663    .bss.WarningTimer   nextioninterface.o
    0x2000036a   COMPRESSED   0x00000002   PAD
    0x2000036c        -       0x00000044   Zero   RW           80    .bss.hdma_adc1      main.o
    0x200003b0        -       0x00000044   Zero   RW           84    .bss.hdma_uart4_rx  main.o
    0x200003f4        -       0x00000044   Zero   RW           85    .bss.hdma_uart4_tx  main.o
    0x20000438        -       0x00000044   Zero   RW           86    .bss.hdma_uart5_rx  main.o
    0x2000047c        -       0x00000044   Zero   RW           87    .bss.hdma_uart5_tx  main.o
    0x200004c0        -       0x00000044   Zero   RW           88    .bss.hdma_usart1_rx  main.o
    0x20000504        -       0x00000044   Zero   RW           89    .bss.hdma_usart1_tx  main.o
    0x20000548        -       0x00000048   Zero   RW          187    .bss.htim1          stm32f1xx_hal_timebase_tim.o
    0x20000590        -       0x00000048   Zero   RW           68    .bss.htim3          main.o
    0x200005d8        -       0x00000040   Zero   RW           83    .bss.huart1         main.o
    0x20000618        -       0x00000040   Zero   RW           81    .bss.huart4         main.o
    0x20000658        -       0x00000040   Zero   RW           82    .bss.huart5         main.o
    0x20000698        -       0x00000020   Zero   RW          588    .bss.pFlash         stm32f1xx_hal_flash.o
    0x200006b8        -       0x0000008c   Zero   RW         1442    .bss.pxReadyTasksLists  tasks.o
    0x20000744        -       0x00006c51   Zero   RW         1580    .bss.ucHeap         heap_4.o
    0x20007395   COMPRESSED   0x00000003   PAD
    0x20007398        -       0x00000004   Zero   RW          358    .bss.uwTick         stm32f1xx_hal.o
    0x2000739c        -       0x00000200   Zero   RW          105    .bss.xIdleStack     freertos.o
    0x2000759c        -       0x0000004c   Zero   RW          104    .bss.xIdleTaskTCBBuffer  freertos.o
    0x200075e8        -       0x00000400   Zero   RW            1    STACK               startup_stm32f100xe.o


==============================================================================

Image component sizes


      Code (inc. data)   RO Data    RW Data    ZI Data      Debug   Object Name

       112          0          0          0          0      19691   cmsis_os.o
       838          8         16          0          0       7415   eeprom.o
        26          8          0          0        588       1820   freertos.o
       480          8          0          0      27753       3714   heap_4.o
       134          0          0          0          0       2171   list.o
      3370        370        358        296        920      21160   main.o
      1120        284        222          1          2       3843   nextioninterface.o
       256         16          0          0          0       3795   pcinterface.o
       188         24          0          0         16        801   pid_regulator.o
       552         44          0          4          8       3821   port.o
       516         68        571         13          2       5621   powersupplyinterface.o
        36          8        308          0       1024        760   startup_stm32f100xe.o
        54          8          0          8          4       5879   stm32f1xx_hal.o
      1104         48          0          0          0      10567   stm32f1xx_hal_adc.o
       188          0          0          0          0       6680   stm32f1xx_hal_adc_ex.o
       152         20          0          0          0       8504   stm32f1xx_hal_cortex.o
       984         56          0          0          0       7438   stm32f1xx_hal_dma.o
       364         28          0          0         32       5185   stm32f1xx_hal_flash.o
       208          4          0          0          0       6962   stm32f1xx_hal_flash_ex.o
       452         48          0          0          0       4519   stm32f1xx_hal_gpio.o
      1048        112          0          0          0      10714   stm32f1xx_hal_msp.o
        12          4          0          0          0       4197   stm32f1xx_hal_pwr.o
      1240         80          0          0          0       6938   stm32f1xx_hal_rcc.o
       340         20          0          0          0       2900   stm32f1xx_hal_rcc_ex.o
       308          4          0          0          0      14331   stm32f1xx_hal_rtc.o
      1814         96          0          0          0      41875   stm32f1xx_hal_tim.o
       112          0          0          0          0      17362   stm32f1xx_hal_tim_ex.o
       116         12          0          0         72       5921   stm32f1xx_hal_timebase_tim.o
      1332         24          0          0          0      16563   stm32f1xx_hal_uart.o
       144         40          0          0          0       1704   stm32f1xx_it.o
        80         16         24          4          0       2216   system_stm32f1xx.o
      1512         56          0          0        300      22717   tasks.o
       860         64         13          0        148       5212   uarts.o

    ----------------------------------------------------------------------
     20114       1582       1548        328      30880     282996   Object Totals
         0          0         32          0          0          0   (incl. Generated)
        62          4          4          2         11          0   (incl. Padding)

    ----------------------------------------------------------------------

      Code (inc. data)   RO Data    RW Data    ZI Data      Debug   Library Member Name

        58          0          0          0          0          0   __dczerorl.o
         0          0          0          0          0          0   entry.o
         0          0          0          0          0          0   entry10a.o
         0          0          0          0          0          0   entry11a.o
         8          4          0          0          0          0   entry2.o
         4          0          0          0          0          0   entry5.o
         0          0          0          0          0          0   entry7b.o
         0          0          0          0          0          0   entry8b.o
         8          4          0          0          0          0   entry9a.o
        30          0          0          0          0          0   handlers.o
        36          8          0          0          0         68   init.o
         0          0          0          0          0          0   iusefp.o
        30          0          0          0          0         68   llshl.o
        36          0          0          0          0         68   llsshr.o
        32          0          0          0          0         68   llushr.o
        36          0          0          0          0         68   memcpya.o
        36          0          0          0          0        108   memseta.o
       390         10          0          0          0        252   printf1.o
        44          0          0          0          0         80   uidiv.o
        56          0          0          0          0         88   d2f.o
       334          0          0          0          0        148   dadd.o
        54          0          0          0          0         80   dcmpge.o
        54          0          0          0          0         80   dcmpgt.o
        54          0          0          0          0         80   dcmple.o
        54          0          0          0          0         80   dcmplt.o
       222          0          0          0          0        100   ddiv.o
       186          0          0          0          0        176   depilogue.o
        62          0          0          0          0         80   dfixi.o
        50          0          0          0          0         76   dfixui.o
        34          0          0          0          0         76   dflti.o
        26          0          0          0          0         76   dfltui.o
       228          0          0          0          0         96   dmul.o
        38          0          0          0          0         68   f2d.o
       176          0          0          0          0        140   fadd.o
       124          0          0          0          0         88   fdiv.o
       110          0          0          0          0        168   fepilogue.o
        18          0          0          0          0         68   fflti.o
        10          0          0          0          0         68   ffltui.o
       100          0          0          0          0         76   fmul.o

    ----------------------------------------------------------------------
      2742         26          0          0          0       2692   Library Totals
         4          0          0          0          0          0   (incl. Padding)

    ----------------------------------------------------------------------

      Code (inc. data)   RO Data    RW Data    ZI Data      Debug   Library Name

       748         26          0          0          0        780   mc_w.l
      1990          0          0          0          0       1912   mf_w.l

    ----------------------------------------------------------------------
      2742         26          0          0          0       2692   Library Totals

    ----------------------------------------------------------------------

==============================================================================


      Code (inc. data)   RO Data    RW Data    ZI Data      Debug   

     22856       1608       1548        328      30880     284020   Grand Totals
     22856       1608       1548        224      30880     284020   ELF Image Totals (compressed)
     22856       1608       1548        224          0          0   ROM Totals

==============================================================================

    Total RO  Size (Code + RO Data)                24404 (  23.83kB)
    Total RW  Size (RW Data + ZI Data)             31208 (  30.48kB)
    Total ROM Size (Code + RO Data + RW Data)      24628 (  24.05kB)

==============================================================================

